Archive member included to satisfy reference by file (symbol)

C:/Renesas/RA/e2studio_v2024-04_fsp_v5.4.0/toolchains/gcc_arm/13.2.rel1/bin/../lib/gcc/arm-none-eabi/13.2.1/thumb/v8-m.main+fp/hard\libgcc.a(_aeabi_ldivmod.o)
                              ./ra/fsp/src/r_sci_uart/r_sci_uart.o (__aeabi_ldivmod)
C:/Renesas/RA/e2studio_v2024-04_fsp_v5.4.0/toolchains/gcc_arm/13.2.rel1/bin/../lib/gcc/arm-none-eabi/13.2.1/thumb/v8-m.main+fp/hard\libgcc.a(_udivmoddi4.o)
                              C:/Renesas/RA/e2studio_v2024-04_fsp_v5.4.0/toolchains/gcc_arm/13.2.rel1/bin/../lib/gcc/arm-none-eabi/13.2.1/thumb/v8-m.main+fp/hard\libgcc.a(_aeabi_ldivmod.o) (__udivmoddi4)
C:/Renesas/RA/e2studio_v2024-04_fsp_v5.4.0/toolchains/gcc_arm/13.2.rel1/bin/../lib/gcc/arm-none-eabi/13.2.1/thumb/v8-m.main+fp/hard\libgcc.a(_dvmd_tls.o)
                              C:/Renesas/RA/e2studio_v2024-04_fsp_v5.4.0/toolchains/gcc_arm/13.2.rel1/bin/../lib/gcc/arm-none-eabi/13.2.1/thumb/v8-m.main+fp/hard\libgcc.a(_aeabi_ldivmod.o) (__aeabi_ldiv0)
C:/Renesas/RA/e2studio_v2024-04_fsp_v5.4.0/toolchains/gcc_arm/13.2.rel1/bin/../lib/gcc/arm-none-eabi/13.2.1/thumb/v8-m.main+fp/hard\libg_nano.a(libc_a-exit.o)
                              C:/Renesas/RA/e2studio_v2024-04_fsp_v5.4.0/toolchains/gcc_arm/13.2.rel1/bin/../lib/gcc/arm-none-eabi/13.2.1/thumb/v8-m.main+fp/hard/crt0.o (exit)
C:/Renesas/RA/e2studio_v2024-04_fsp_v5.4.0/toolchains/gcc_arm/13.2.rel1/bin/../lib/gcc/arm-none-eabi/13.2.1/thumb/v8-m.main+fp/hard\libg_nano.a(libc_a-findfp.o)
                              C:/Renesas/RA/e2studio_v2024-04_fsp_v5.4.0/toolchains/gcc_arm/13.2.rel1/bin/../lib/gcc/arm-none-eabi/13.2.1/thumb/v8-m.main+fp/hard\libg_nano.a(libc_a-exit.o) (__stdio_exit_handler)
C:/Renesas/RA/e2studio_v2024-04_fsp_v5.4.0/toolchains/gcc_arm/13.2.rel1/bin/../lib/gcc/arm-none-eabi/13.2.1/thumb/v8-m.main+fp/hard\libg_nano.a(libc_a-fwalk.o)
                              C:/Renesas/RA/e2studio_v2024-04_fsp_v5.4.0/toolchains/gcc_arm/13.2.rel1/bin/../lib/gcc/arm-none-eabi/13.2.1/thumb/v8-m.main+fp/hard\libg_nano.a(libc_a-findfp.o) (_fwalk_sglue)
C:/Renesas/RA/e2studio_v2024-04_fsp_v5.4.0/toolchains/gcc_arm/13.2.rel1/bin/../lib/gcc/arm-none-eabi/13.2.1/thumb/v8-m.main+fp/hard\libg_nano.a(libc_a-sprintf.o)
                              ./src/hal_entry.o (sprintf)
C:/Renesas/RA/e2studio_v2024-04_fsp_v5.4.0/toolchains/gcc_arm/13.2.rel1/bin/../lib/gcc/arm-none-eabi/13.2.1/thumb/v8-m.main+fp/hard\libg_nano.a(libc_a-stdio.o)
                              C:/Renesas/RA/e2studio_v2024-04_fsp_v5.4.0/toolchains/gcc_arm/13.2.rel1/bin/../lib/gcc/arm-none-eabi/13.2.1/thumb/v8-m.main+fp/hard\libg_nano.a(libc_a-findfp.o) (__sread)
C:/Renesas/RA/e2studio_v2024-04_fsp_v5.4.0/toolchains/gcc_arm/13.2.rel1/bin/../lib/gcc/arm-none-eabi/13.2.1/thumb/v8-m.main+fp/hard\libg_nano.a(libc_a-memset.o)
                              C:/Renesas/RA/e2studio_v2024-04_fsp_v5.4.0/toolchains/gcc_arm/13.2.rel1/bin/../lib/gcc/arm-none-eabi/13.2.1/thumb/v8-m.main+fp/hard/crt0.o (memset)
C:/Renesas/RA/e2studio_v2024-04_fsp_v5.4.0/toolchains/gcc_arm/13.2.rel1/bin/../lib/gcc/arm-none-eabi/13.2.1/thumb/v8-m.main+fp/hard\libg_nano.a(libc_a-closer.o)
                              C:/Renesas/RA/e2studio_v2024-04_fsp_v5.4.0/toolchains/gcc_arm/13.2.rel1/bin/../lib/gcc/arm-none-eabi/13.2.1/thumb/v8-m.main+fp/hard\libg_nano.a(libc_a-stdio.o) (_close_r)
C:/Renesas/RA/e2studio_v2024-04_fsp_v5.4.0/toolchains/gcc_arm/13.2.rel1/bin/../lib/gcc/arm-none-eabi/13.2.1/thumb/v8-m.main+fp/hard\libg_nano.a(libc_a-reent.o)
                              C:/Renesas/RA/e2studio_v2024-04_fsp_v5.4.0/toolchains/gcc_arm/13.2.rel1/bin/../lib/gcc/arm-none-eabi/13.2.1/thumb/v8-m.main+fp/hard\libg_nano.a(libc_a-closer.o) (errno)
C:/Renesas/RA/e2studio_v2024-04_fsp_v5.4.0/toolchains/gcc_arm/13.2.rel1/bin/../lib/gcc/arm-none-eabi/13.2.1/thumb/v8-m.main+fp/hard\libg_nano.a(libc_a-impure.o)
                              C:/Renesas/RA/e2studio_v2024-04_fsp_v5.4.0/toolchains/gcc_arm/13.2.rel1/bin/../lib/gcc/arm-none-eabi/13.2.1/thumb/v8-m.main+fp/hard\libg_nano.a(libc_a-sprintf.o) (_impure_ptr)
C:/Renesas/RA/e2studio_v2024-04_fsp_v5.4.0/toolchains/gcc_arm/13.2.rel1/bin/../lib/gcc/arm-none-eabi/13.2.1/thumb/v8-m.main+fp/hard\libg_nano.a(libc_a-lseekr.o)
                              C:/Renesas/RA/e2studio_v2024-04_fsp_v5.4.0/toolchains/gcc_arm/13.2.rel1/bin/../lib/gcc/arm-none-eabi/13.2.1/thumb/v8-m.main+fp/hard\libg_nano.a(libc_a-stdio.o) (_lseek_r)
C:/Renesas/RA/e2studio_v2024-04_fsp_v5.4.0/toolchains/gcc_arm/13.2.rel1/bin/../lib/gcc/arm-none-eabi/13.2.1/thumb/v8-m.main+fp/hard\libg_nano.a(libc_a-readr.o)
                              C:/Renesas/RA/e2studio_v2024-04_fsp_v5.4.0/toolchains/gcc_arm/13.2.rel1/bin/../lib/gcc/arm-none-eabi/13.2.1/thumb/v8-m.main+fp/hard\libg_nano.a(libc_a-stdio.o) (_read_r)
C:/Renesas/RA/e2studio_v2024-04_fsp_v5.4.0/toolchains/gcc_arm/13.2.rel1/bin/../lib/gcc/arm-none-eabi/13.2.1/thumb/v8-m.main+fp/hard\libg_nano.a(libc_a-writer.o)
[...]
Memory Configuration

Name             Origin             Length             Attributes
ITCM             0x00000000         0x00000000         xr
DTCM             0x00000000         0x00000000         xrw
FLASH            0x00000000         0x00200000         xr
RAM              0x20000000         0x00080000         xrw
DATA_FLASH       0x08000000         0x00002000         xr
QSPI_FLASH       0x60000000         0x04000000         xr
OSPI_DEVICE_0    0x68000000         0x08000000         xr
OSPI_DEVICE_1    0x70000000         0x10000000         xr
OSPI_DEVICE_0_RAM 0x68000000         0x08000000         xrw
OSPI_DEVICE_1_RAM 0x70000000         0x10000000         xrw
SDRAM            0x80010000         0x00000000         xrw
OPTION_SETTING   0x0100a100         0x00000100         r
OPTION_SETTING_OFS 0x0100a100         0x00000018         r
OPTION_SETTING_SAS 0x0100a134         0x000000cc         r
OPTION_SETTING_S 0x0100a200         0x00000100         r
ID_CODE          0x00000000         0x00000000         xr
*default*        0x00000000         0xffffffff

Linker script and memory map

LOAD C:/Renesas/RA/e2studio_v2024-04_fsp_v5.4.0/toolchains/gcc_arm/13.2.rel1/bin/../lib/gcc/arm-none-eabi/13.2.1/thumb/v8-m.main+fp/hard/crti.o
LOAD C:/Renesas/RA/e2studio_v2024-04_fsp_v5.4.0/toolchains/gcc_arm/13.2.rel1/bin/../lib/gcc/arm-none-eabi/13.2.1/thumb/v8-m.main+fp/hard/crtbegin.o
LOAD C:/Renesas/RA/e2studio_v2024-04_fsp_v5.4.0/toolchains/gcc_arm/13.2.rel1/bin/../lib/gcc/arm-none-eabi/13.2.1/thumb/v8-m.main+fp/hard/crt0.o
START GROUP
LOAD ./src/hal_entry.o
LOAD ./ra_gen/common_data.o
LOAD ./ra_gen/hal_data.o
LOAD ./ra_gen/main.o
LOAD ./ra_gen/pin_data.o
LOAD ./ra_gen/vector_data.o
LOAD ./ra/fsp/src/rm_ob1203/light_proximity_mode/rm_ob1203_light_proximity_mode.o
LOAD ./ra/fsp/src/rm_ob1203/rm_ob1203.o
LOAD ./ra/fsp/src/rm_ob1203/rm_ob1203_ra_driver.o
LOAD ./ra/fsp/src/rm_comms_i2c/rm_comms_i2c.o
LOAD ./ra/fsp/src/rm_comms_i2c/rm_comms_i2c_driver_ra.o
LOAD ./ra/fsp/src/r_sci_uart/r_sci_uart.o
LOAD ./ra/fsp/src/r_ioport/r_ioport.o
LOAD ./ra/fsp/src/r_iic_master/r_iic_master.o
LOAD ./ra/fsp/src/bsp/mcu/all/bsp_clocks.o
LOAD ./ra/fsp/src/bsp/mcu/all/bsp_common.o
LOAD ./ra/fsp/src/bsp/mcu/all/bsp_delay.o
LOAD ./ra/fsp/src/bsp/mcu/all/bsp_group_irq.o
LOAD ./ra/fsp/src/bsp/mcu/all/bsp_guard.o
LOAD ./ra/fsp/src/bsp/mcu/all/bsp_io.o
LOAD ./ra/fsp/src/bsp/mcu/all/bsp_irq.o
LOAD ./ra/fsp/src/bsp/mcu/all/bsp_macl.o
LOAD ./ra/fsp/src/bsp/mcu/all/bsp_register_protection.o
LOAD ./ra/fsp/src/bsp/mcu/all/bsp_rom_registers.o
LOAD ./ra/fsp/src/bsp/mcu/all/bsp_sbrk.o
LOAD ./ra/fsp/src/bsp/mcu/all/bsp_sdram.o
LOAD ./ra/fsp/src/bsp/mcu/all/bsp_security.o
LOAD ./ra/fsp/src/bsp/cmsis/Device/RENESAS/Source/startup.o
LOAD ./ra/fsp/src/bsp/cmsis/Device/RENESAS/Source/system.o
LOAD ./ra/board/ra6m5_ck/board_init.o
LOAD ./ra/board/ra6m5_ck/board_leds.o
END GROUP
START GROUP
LOAD C:/Renesas/RA/e2studio_v2024-04_fsp_v5.4.0/toolchains/gcc_arm/13.2.rel1/bin/../lib/gcc/arm-none-eabi/13.2.1/thumb/v8-m.main+fp/hard\libgcc.a
LOAD C:/Renesas/RA/e2studio_v2024-04_fsp_v5.4.0/toolchains/gcc_arm/13.2.rel1/bin/../lib/gcc/arm-none-eabi/13.2.1/thumb/v8-m.main+fp/hard\libg_nano.a
LOAD C:/Renesas/RA/e2studio_v2024-04_fsp_v5.4.0/toolchains/gcc_arm/13.2.rel1/bin/../lib/gcc/arm-none-eabi/13.2.1/thumb/v8-m.main+fp/hard\libc_nano.a
END GROUP
START GROUP
LOAD C:/Renesas/RA/e2studio_v2024-04_fsp_v5.4.0/toolchains/gcc_arm/13.2.rel1/bin/../lib/gcc/arm-none-eabi/13.2.1/thumb/v8-m.main+fp/hard\libgcc.a
LOAD C:/Renesas/RA/e2studio_v2024-04_fsp_v5.4.0/toolchains/gcc_arm/13.2.rel1/bin/../lib/gcc/arm-none-eabi/13.2.1/thumb/v8-m.main+fp/hard\libc_nano.a
END GROUP
LOAD C:/Renesas/RA/e2studio_v2024-04_fsp_v5.4.0/toolchains/gcc_arm/13.2.rel1/bin/../lib/gcc/arm-none-eabi/13.2.1/thumb/v8-m.main+fp/hard/crtend.o
LOAD C:/Renesas/RA/e2studio_v2024-04_fsp_v5.4.0/toolchains/gcc_arm/13.2.rel1/bin/../lib/gcc/arm-none-eabi/13.2.1/thumb/v8-m.main+fp/hard/crtn.o
                0x20000000                        RAM_START = 0x20000000
                0x00080000                        RAM_LENGTH = 0x80000
                0x00000000                        FLASH_START = 0x0
                0x00200000                        FLASH_LENGTH = 0x200000
                0x08000000                        DATA_FLASH_START = 0x8000000
                0x00002000                        DATA_FLASH_LENGTH = 0x2000
                0x0100a100                        OPTION_SETTING_START = 0x100a100
                0x00000100                        OPTION_SETTING_LENGTH = 0x100
                0x0100a200                        OPTION_SETTING_S_START = 0x100a200
                0x00000100                        OPTION_SETTING_S_LENGTH = 0x100
                0x00000000                        ID_CODE_START = 0x0
                0x00000000                        ID_CODE_LENGTH = 0x0
                0x80010000                        SDRAM_START = 0x80010000
                0x00000000                        SDRAM_LENGTH = 0x0
                0x60000000                        QSPI_FLASH_START = 0x60000000
                0x04000000                        QSPI_FLASH_LENGTH = 0x4000000
                0x68000000                        OSPI_DEVICE_0_START = 0x68000000
                0x08000000                        OSPI_DEVICE_0_LENGTH = 0x8000000
                0x70000000                        OSPI_DEVICE_1_START = 0x70000000
                0x10000000                        OSPI_DEVICE_1_LENGTH = 0x10000000
                0x04000000                        QSPI_FLASH_PRV_LENGTH = DEFINED (QSPI_FLASH_SIZE)?ABSOLUTE (QSPI_FLASH_SIZE):ABSOLUTE (QSPI_FLASH_LENGTH)
                0x08000000                        OSPI_DEVICE_0_PRV_LENGTH = DEFINED (OSPI_DEVICE_0_SIZE)?ABSOLUTE (OSPI_DEVICE_0_SIZE):ABSOLUTE (OSPI_DEVICE_0_LENGTH)
                0x10000000                        OSPI_DEVICE_1_PRV_LENGTH = DEFINED (OSPI_DEVICE_1_SIZE)?ABSOLUTE (OSPI_DEVICE_1_SIZE):ABSOLUTE (OSPI_DEVICE_1_LENGTH)
                0x00000000                        __RESERVE_NS_RAM = ((! (DEFINED (PROJECT_NONSECURE)) && DEFINED (RAM_NS_BUFFER_LENGTH)) && (OPTION_SETTING_S_LENGTH != 0x0))
                0x00000000                        ITCM_START = DEFINED (ITCM_START)?ITCM_START:0x0
                0x00000000                        ITCM_LENGTH = DEFINED (ITCM_LENGTH)?ITCM_LENGTH:0x0
                0x00000000                        DTCM_START = DEFINED (DTCM_START)?DTCM_START:0x0
                0x00000000                        DTCM_LENGTH = DEFINED (DTCM_LENGTH)?DTCM_LENGTH:0x0
                0x00000000                        RAM_NS_BUFFER_BLOCK_LENGTH = DEFINED (RAM_NS_BUFFER_LENGTH)?ALIGN (RAM_NS_BUFFER_LENGTH, 0x2000):0x0
                0x00000000                        RAM_NS_BUFFER_LENGTH = DEFINED (RAM_NS_BUFFER_LENGTH)?RAM_NS_BUFFER_LENGTH:0x0
                0x20080000                        RAM_NS_BUFFER_START = ((RAM_START + RAM_LENGTH) - RAM_NS_BUFFER_LENGTH)
                0x20080000                        RAM_NS_BUFFER_BLOCK_START = ((RAM_START + RAM_LENGTH) - RAM_NS_BUFFER_BLOCK_LENGTH)
                0x0100a180                        OPTION_SETTING_START_NS = DEFINED (PROJECT_NONSECURE)?OPTION_SETTING_START:(OPTION_SETTING_START + 0x80)
                0x00000001                        __bl_FSP_BOOTABLE_IMAGE = 0x1
                0x00000001                        __bln_FSP_BOOTABLE_IMAGE = 0x1
                0x00000001                        PROJECT_SECURE_OR_FLAT = (((! (DEFINED (PROJECT_NONSECURE)) || DEFINED (PROJECT_SECURE)) && OPTION_SETTING_LENGTH) && ! (DEFINED (FSP_BOOTABLE_IMAGE)))
                0x00000000                        USE_OPTION_SETTING_NS = (DEFINED (PROJECT_NONSECURE) && ! (DEFINED (FSP_BOOTABLE_IMAGE)))
                0x00000000                        __bl_FLASH_IMAGE_START = ! (DEFINED (FLASH_BOOTLOADER_LENGTH))?0x0:(FLASH_APPLICATION_IMAGE_NUMBER == 0x1)?((FLASH_START + FLASH_BOOTLOADER_LENGTH) + FLASH_BOOTLOADER_HEADER_LENGTH):(DEFINED (BOOTLOADER_SECONDARY_USE_QSPI) || DEFINED (BOOTLOADER_SECONDARY_USE_OSPI_B))?(((FLASH_START + FLASH_BOOTLOADER_LENGTH) + FLASH_BOOTLOADER_SCRATCH_LENGTH) + FLASH_BOOTLOADER_HEADER_LENGTH):((((FLASH_START + FLASH_BOOTLOADER_LENGTH) + FLASH_BOOTLOADER_SCRATCH_LENGTH) + FLASH_APPLICATION_S_LENGTH) + FLASH_BOOTLOADER_HEADER_LENGTH)
                0x00000000                        __bl_FLASH_IMAGE_LENGTH = ! (DEFINED (FLASH_BOOTLOADER_LENGTH))?0x0:(FLASH_APPLICATION_S_LENGTH - FLASH_BOOTLOADER_HEADER_LENGTH)
                0x00000000                        __bl_FLASH_IMAGE_END = (__bl_FLASH_IMAGE_START + __bl_FLASH_IMAGE_LENGTH)
                0x00000000                        __bl_XIP_SECONDARY_FLASH_IMAGE_START = ! (DEFINED (FLASH_BOOTLOADER_LENGTH))?0x0:((FLASH_BOOTLOADER_LENGTH + FLASH_APPLICATION_S_LENGTH) + FLASH_BOOTLOADER_HEADER_LENGTH)
                0x00000000                        __bl_XIP_SECONDARY_FLASH_IMAGE_END = (__bl_XIP_SECONDARY_FLASH_IMAGE_START + __bl_FLASH_IMAGE_LENGTH)
                0x00000000                        __bl_FLASH_NS_START = ! (DEFINED (FLASH_BOOTLOADER_LENGTH))?0x0:(FLASH_APPLICATION_NS_LENGTH == 0x0)?__bl_FLASH_IMAGE_END:((__bl_FLASH_IMAGE_START - FLASH_BOOTLOADER_HEADER_LENGTH) + FLASH_APPLICATION_S_LENGTH)
                0x00000000                        __bl_FLASH_NSC_START = ! (DEFINED (FLASH_BOOTLOADER_LENGTH))?0x0:(FLASH_APPLICATION_NS_LENGTH == 0x0)?__bl_FLASH_IMAGE_END:(__bl_FLASH_IMAGE_END - FLASH_APPLICATION_NSC_LENGTH)
                0x00000000                        __bl_RAM_NS_START = ! (DEFINED (FLASH_BOOTLOADER_LENGTH))?0x0:(FLASH_APPLICATION_NS_LENGTH == 0x0)?(RAM_START + RAM_LENGTH):((RAM_START + RAM_LENGTH) - RAM_APPLICATION_NS_LENGTH)
                0x00000000                        __bl_RAM_NSC_START = ! (DEFINED (FLASH_BOOTLOADER_LENGTH))?0x0:(FLASH_APPLICATION_NS_LENGTH == 0x0)?(RAM_START + RAM_LENGTH):(__bl_RAM_NS_START - RAM_APPLICATION_NSC_LENGTH)
                0x00000000                        __bl_FLASH_NS_IMAGE_START = ! (DEFINED (FLASH_BOOTLOADER_LENGTH))?0x0:(FLASH_APPLICATION_NS_LENGTH == 0x0)?__bl_FLASH_IMAGE_END:(__bl_FLASH_NS_START + FLASH_BOOTLOADER_HEADER_LENGTH_2)
                0x00000000                        __bln_FLASH_IMAGE_START = (__bl_FLASH_NS_IMAGE_START | ! (DEFINED (NS_OFFSET_START))?0x0:NS_OFFSET_START)
                0x00000000                        __bln_FLASH_IMAGE_LENGTH = ! (DEFINED (FLASH_BOOTLOADER_LENGTH))?0x0:(FLASH_APPLICATION_NS_LENGTH == 0x0)?__bl_FLASH_IMAGE_END:(FLASH_APPLICATION_NS_LENGTH - FLASH_BOOTLOADER_HEADER_LENGTH_2)
                0x00000000                        XIP_SECONDARY_SLOT_IMAGE = DEFINED (XIP_SECONDARY_SLOT_IMAGE)?XIP_SECONDARY_SLOT_IMAGE:0x0
                0x00000000                        FLASH_ORIGIN = ! (DEFINED (FLASH_IMAGE_START))?FLASH_START:(XIP_SECONDARY_SLOT_IMAGE == 0x1)?XIP_SECONDARY_FLASH_IMAGE_START:FLASH_IMAGE_START
                0x00200000                        LIMITED_FLASH_LENGTH = DEFINED (FLASH_IMAGE_LENGTH)?FLASH_IMAGE_LENGTH:DEFINED (FLASH_BOOTLOADER_LENGTH)?FLASH_BOOTLOADER_LENGTH:FLASH_LENGTH
                0x00000034                        OPTION_SETTING_SAS_SIZE = 0x34
                0x000000cc                        OPTION_SETTING_SAS_LENGTH = ! (DEFINED (OPTION_SETTING_LENGTH))?0x0:(OPTION_SETTING_LENGTH == 0x0)?0x0:(OPTION_SETTING_LENGTH - OPTION_SETTING_SAS_SIZE)
START GROUP
LOAD C:/Renesas/RA/e2studio_v2024-04_fsp_v5.4.0/toolchains/gcc_arm/13.2.rel1/bin/../lib/gcc/arm-none-eabi/13.2.1/thumb/v8-m.main+fp/hard\libgcc.a
LOAD C:/Renesas/RA/e2studio_v2024-04_fsp_v5.4.0/toolchains/gcc_arm/13.2.rel1/bin/../lib/gcc/arm-none-eabi/13.2.1/thumb/v8-m.main+fp/hard\libc.a
LOAD C:/Renesas/RA/e2studio_v2024-04_fsp_v5.4.0/toolchains/gcc_arm/13.2.rel1/bin/../lib/gcc/arm-none-eabi/13.2.1/thumb/v8-m.main+fp/hard\libm.a
END GROUP

.text           0x00000000     0x3778
                0x00000000                        __tz_FLASH_S = ABSOLUTE (FLASH_START)
                0x00000000                        __ROM_Start = .
 *(.fixed_vectors*)
 .fixed_vectors
                0x00000000       0x40 ./ra/fsp/src/bsp/cmsis/Device/RENESAS/Source/startup.o
                0x00000000                __Vectors
 *(.application_vectors*)
 .application_vectors
                0x00000040      0x180 ./ra_gen/vector_data.o
                0x00000040                g_vector_table
                0x000001c0                        __Vectors_End = .
 *(.flash_gap*)
                0x000001c0                        . = (OPTION_SETTING_LENGTH > 0x0)?.:(__ROM_Start + 0x400)
 *(.rom_registers*)
 *(.mcuboot_sce9_key*)
 *(.text*)
 .text.deregister_tm_clones
                0x000001c0       0x1c C:/Renesas/RA/e2studio_v2024-04_fsp_v5.4.0/toolchains/gcc_arm/13.2.rel1/bin/../lib/gcc/arm-none-eabi/13.2.1/thumb/v8-m.main+fp/hard/crtbegin.o
 .text.register_tm_clones
                0x000001dc       0x28 C:/Renesas/RA/e2studio_v2024-04_fsp_v5.4.0/toolchains/gcc_arm/13.2.rel1/bin/../lib/gcc/arm-none-eabi/13.2.1/thumb/v8-m.main+fp/hard/crtbegin.o
 .text.__do_global_dtors_aux
                0x00000204       0x28 C:/Renesas/RA/e2studio_v2024-04_fsp_v5.4.0/toolchains/gcc_arm/13.2.rel1/bin/../lib/gcc/arm-none-eabi/13.2.1/thumb/v8-m.main+fp/hard/crtbegin.o
 .text.frame_dummy
                0x0000022c       0x24 C:/Renesas/RA/e2studio_v2024-04_fsp_v5.4.0/toolchains/gcc_arm/13.2.rel1/bin/../lib/gcc/arm-none-eabi/13.2.1/thumb/v8-m.main+fp/hard/crtbegin.o
 .text.R_BSP_WarmStart
                0x00000250       0x18 ./src/hal_entry.o
                0x00000250                R_BSP_WarmStart
 .text.user_uart_callback
                0x00000268       0x14 ./src/hal_entry.o
                0x00000268                user_uart_callback
 .text.g_comms_i2c_bus0_quick_setup
                0x0000027c       0x30 ./src/hal_entry.o
                0x0000027c                g_comms_i2c_bus0_quick_setup
 .text.ob1203_comms_i2c_callback
                0x000002ac       0x14 ./src/hal_entry.o
                0x000002ac                ob1203_comms_i2c_callback
 .text.g_ob1203_sensor0_quick_setup
                0x000002c0       0x30 ./src/hal_entry.o
                0x000002c0                g_ob1203_sensor0_quick_setup
 .text.g_ob1203_sensor0_quick_getting_light_mode_data
                0x000002f0       0xc0 ./src/hal_entry.o
                0x000002f0                g_ob1203_sensor0_quick_getting_light_mode_data
 .text.g_ob1203_sensor0_quick_getting_proximity_mode_data
                0x000003b0       0xc0 ./src/hal_entry.o
                0x000003b0                g_ob1203_sensor0_quick_getting_proximity_mode_data
 .text.hal_entry
                0x00000470      0x230 ./src/hal_entry.o
                0x00000470                hal_entry
 .text.startup.main
                0x000006a0        0xc ./ra_gen/main.o
                0x000006a0                main
 .text.rm_ob1203_light_prox_close
                0x000006ac        0x4 ./ra/fsp/src/rm_ob1203/light_proximity_mode/rm_ob1203_light_proximity_mode.o
 .text.rm_ob1203_light_prox_light_data_calculate
                0x000006b0       0x54 ./ra/fsp/src/rm_ob1203/light_proximity_mode/rm_ob1203_light_proximity_mode.o
 .text.rm_ob1203_light_prox_prox_data_calculate
                0x00000704        0x8 ./ra/fsp/src/rm_ob1203/light_proximity_mode/rm_ob1203_light_proximity_mode.o
 .text.rm_ob1203_light_prox_ppg_read
                0x0000070c        0x4 ./ra/fsp/src/rm_ob1203/light_proximity_mode/rm_ob1203_light_proximity_mode.o
 .text.rm_ob1203_light_prox_ppg_data_calculate
                0x00000710        0x4 ./ra/fsp/src/rm_ob1203/light_proximity_mode/rm_ob1203_light_proximity_mode.o
 .text.rm_ob1203_light_prox_fifo_info_get
                0x00000714        0x4 ./ra/fsp/src/rm_ob1203/light_proximity_mode/rm_ob1203_light_proximity_mode.o
 .text.rm_ob1203_light_prox_led_current_set
                0x00000718       0x38 ./ra/fsp/src/rm_ob1203/light_proximity_mode/rm_ob1203_light_proximity_mode.o
 .text.rm_ob1203_light_prox_gain_set
                0x00000750       0x38 ./ra/fsp/src/rm_ob1203/light_proximity_mode/rm_ob1203_light_proximity_mode.o
 .text.rm_ob1203_light_prox_device_interrupt_cfg_set
                0x00000788       0x80 ./ra/fsp/src/rm_ob1203/light_proximity_mode/rm_ob1203_light_proximity_mode.o
 .text.rm_ob1203_light_prox_prox_read
                0x00000808       0x30 ./ra/fsp/src/rm_ob1203/light_proximity_mode/rm_ob1203_light_proximity_mode.o
 .text.rm_ob1203_light_prox_light_read
                0x00000838       0x58 ./ra/fsp/src/rm_ob1203/light_proximity_mode/rm_ob1203_light_proximity_mode.o
 .text.rm_ob1203_light_prox_measurement_stop
                0x00000890       0x14 ./ra/fsp/src/rm_ob1203/light_proximity_mode/rm_ob1203_light_proximity_mode.o
 .text.rm_ob1203_light_prox_measurement_start
                0x000008a4       0x1c ./ra/fsp/src/rm_ob1203/light_proximity_mode/rm_ob1203_light_proximity_mode.o
 .text.rm_ob1203_light_prox_open
                0x000008c0      0x1a0 ./ra/fsp/src/rm_ob1203/light_proximity_mode/rm_ob1203_light_proximity_mode.o
 .text.rm_ob1203_light_prox_device_status_get
                0x00000a60        0x4 ./ra/fsp/src/rm_ob1203/light_proximity_mode/rm_ob1203_light_proximity_mode.o
 .text.RM_OB1203_MeasurementStart
                0x00000a64        0x8 ./ra/fsp/src/rm_ob1203/rm_ob1203.o
                0x00000a64                RM_OB1203_MeasurementStart
 .text.RM_OB1203_MeasurementStop
                0x00000a6c        0x8 ./ra/fsp/src/rm_ob1203/rm_ob1203.o
                0x00000a6c                RM_OB1203_MeasurementStop
 .text.RM_OB1203_LightRead
                0x00000a74        0x8 ./ra/fsp/src/rm_ob1203/rm_ob1203.o
                0x00000a74                RM_OB1203_LightRead
 .text.RM_OB1203_LightDataCalculate
                0x00000a7c        0x8 ./ra/fsp/src/rm_ob1203/rm_ob1203.o
                0x00000a7c                RM_OB1203_LightDataCalculate
 .text.RM_OB1203_ProxRead
                0x00000a84        0x8 ./ra/fsp/src/rm_ob1203/rm_ob1203.o
                0x00000a84                RM_OB1203_ProxRead
 .text.RM_OB1203_ProxDataCalculate
                0x00000a8c        0x8 ./ra/fsp/src/rm_ob1203/rm_ob1203.o
                0x00000a8c                RM_OB1203_ProxDataCalculate
 .text.RM_OB1203_PpgRead
                0x00000a94        0x8 ./ra/fsp/src/rm_ob1203/rm_ob1203.o
                0x00000a94                RM_OB1203_PpgRead
 .text.RM_OB1203_PpgDataCalculate
                0x00000a9c        0x8 ./ra/fsp/src/rm_ob1203/rm_ob1203.o
                0x00000a9c                RM_OB1203_PpgDataCalculate
 .text.RM_OB1203_GainSet
                0x00000aa4       0x14 ./ra/fsp/src/rm_ob1203/rm_ob1203.o
                0x00000aa4                RM_OB1203_GainSet
 .text.RM_OB1203_LedCurrentSet
                0x00000ab8       0x10 ./ra/fsp/src/rm_ob1203/rm_ob1203.o
                0x00000ab8                RM_OB1203_LedCurrentSet
 .text.RM_OB1203_DeviceInterruptCfgSet
                0x00000ac8       0x18 ./ra/fsp/src/rm_ob1203/rm_ob1203.o
                0x00000ac8                RM_OB1203_DeviceInterruptCfgSet
 .text.RM_OB1203_FifoInfoGet
                0x00000ae0        0x8 ./ra/fsp/src/rm_ob1203/rm_ob1203.o
                0x00000ae0                RM_OB1203_FifoInfoGet
 .text.RM_OB1203_Close
                0x00000ae8       0x20 ./ra/fsp/src/rm_ob1203/rm_ob1203.o
                0x00000ae8                RM_OB1203_Close
 .text.rm_ob1203_read
                0x00000b08       0x90 ./ra/fsp/src/rm_ob1203/rm_ob1203.o
                0x00000b08                rm_ob1203_read
 .text.RM_OB1203_DeviceStatusGet
                0x00000b98       0x28 ./ra/fsp/src/rm_ob1203/rm_ob1203.o
                0x00000b98                RM_OB1203_DeviceStatusGet
 .text.rm_ob1203_write
                0x00000bc0       0x80 ./ra/fsp/src/rm_ob1203/rm_ob1203.o
                0x00000bc0                rm_ob1203_write
 .text.RM_OB1203_Open
                0x00000c40       0xbc ./ra/fsp/src/rm_ob1203/rm_ob1203.o
                0x00000c40                RM_OB1203_Open
 .text.rm_ob1203_comms_i2c_callback
                0x00000cfc      0x1b0 ./ra/fsp/src/rm_ob1203/rm_ob1203.o
                0x00000cfc                rm_ob1203_comms_i2c_callback
 .text.rm_ob1203_main_ctrl_register_write
                0x00000eac       0x20 ./ra/fsp/src/rm_ob1203/rm_ob1203.o
                0x00000eac                rm_ob1203_main_ctrl_register_write
 .text.rm_ob1203_int_cfg_register_write
                0x00000ecc       0x20 ./ra/fsp/src/rm_ob1203/rm_ob1203.o
                0x00000ecc                rm_ob1203_int_cfg_register_write
 .text.rm_ob1203_ppg_ps_gain_register_write
                0x00000eec       0x18 ./ra/fsp/src/rm_ob1203/rm_ob1203.o
                0x00000eec                rm_ob1203_ppg_ps_gain_register_write
 .text.rm_ob1203_ppg_ps_cfg_register_write
                0x00000f04       0x14 ./ra/fsp/src/rm_ob1203/rm_ob1203.o
                0x00000f04                rm_ob1203_ppg_ps_cfg_register_write
 .text.rm_ob1203_irq_callback
                0x00000f18       0x40 ./ra/fsp/src/rm_ob1203/rm_ob1203_ra_driver.o
                0x00000f18                rm_ob1203_irq_callback
 .text.rm_ob1203_delay_ms
                0x00000f58       0x10 ./ra/fsp/src/rm_ob1203/rm_ob1203_ra_driver.o
                0x00000f58                rm_ob1203_delay_ms
 .text.rm_ob1203_irq_open
                0x00000f68       0x34 ./ra/fsp/src/rm_ob1203/rm_ob1203_ra_driver.o
                0x00000f68                rm_ob1203_irq_open
 .text.rm_ob1203_irq_close
                0x00000f9c       0x10 ./ra/fsp/src/rm_ob1203/rm_ob1203_ra_driver.o
                0x00000f9c                rm_ob1203_irq_close
 .text.RM_COMMS_I2C_Open
                0x00000fac       0x28 ./ra/fsp/src/rm_comms_i2c/rm_comms_i2c.o
                0x00000fac                RM_COMMS_I2C_Open
 .text.RM_COMMS_I2C_Close
                0x00000fd4       0x10 ./ra/fsp/src/rm_comms_i2c/rm_comms_i2c.o
                0x00000fd4                RM_COMMS_I2C_Close
 .text.RM_COMMS_I2C_Read
                0x00000fe4        0x4 ./ra/fsp/src/rm_comms_i2c/rm_comms_i2c.o
                0x00000fe4                RM_COMMS_I2C_Read
 .text.RM_COMMS_I2C_Write
                0x00000fe8        0x4 ./ra/fsp/src/rm_comms_i2c/rm_comms_i2c.o
                0x00000fe8                RM_COMMS_I2C_Write
 .text.RM_COMMS_I2C_WriteRead
                0x00000fec       0x14 ./ra/fsp/src/rm_comms_i2c/rm_comms_i2c.o
                0x00000fec                RM_COMMS_I2C_WriteRead
 .text.rm_comms_i2c_bus_reconfigure
                0x00001000       0x3c ./ra/fsp/src/rm_comms_i2c/rm_comms_i2c_driver_ra.o
 .text.rm_comms_i2c_bus_read
                0x0000103c       0x44 ./ra/fsp/src/rm_comms_i2c/rm_comms_i2c_driver_ra.o
                0x0000103c                rm_comms_i2c_bus_read
 .text.rm_comms_i2c_bus_write
                0x00001080       0x30 ./ra/fsp/src/rm_comms_i2c/rm_comms_i2c_driver_ra.o
                0x00001080                rm_comms_i2c_bus_write
 .text.rm_comms_i2c_bus_write_read
                0x000010b0       0x3c ./ra/fsp/src/rm_comms_i2c/rm_comms_i2c_driver_ra.o
                0x000010b0                rm_comms_i2c_bus_write_read
 .text.rm_comms_i2c_callback
                0x000010ec       0x5c ./ra/fsp/src/rm_comms_i2c/rm_comms_i2c_driver_ra.o
                0x000010ec                rm_comms_i2c_callback
 .text.R_SCI_UART_Write
                0x00001148       0x50 ./ra/fsp/src/r_sci_uart/r_sci_uart.o
                0x00001148                R_SCI_UART_Write
 .text.r_sci_uart_call_callback
                0x00001198       0x44 ./ra/fsp/src/r_sci_uart/r_sci_uart.o
 .text.R_SCI_UART_Open
                0x000011dc      0x3a0 ./ra/fsp/src/r_sci_uart/r_sci_uart.o
                0x000011dc                R_SCI_UART_Open
 .text.sci_uart_txi_isr
                0x0000157c       0x8c ./ra/fsp/src/r_sci_uart/r_sci_uart.o
                0x0000157c                sci_uart_txi_isr
 .text.sci_uart_rxi_isr
                0x00001608       0x90 ./ra/fsp/src/r_sci_uart/r_sci_uart.o
                0x00001608                sci_uart_rxi_isr
 .text.sci_uart_tei_isr
                0x00001698       0x48 ./ra/fsp/src/r_sci_uart/r_sci_uart.o
                0x00001698                sci_uart_tei_isr
 .text.sci_uart_eri_isr
                0x000016e0       0x78 ./ra/fsp/src/r_sci_uart/r_sci_uart.o
                0x000016e0                sci_uart_eri_isr
 .text.bsp_vbatt_init
                0x00001758       0x9c ./ra/fsp/src/r_ioport/r_ioport.o
 .text.r_ioport_pins_config
                0x000017f4       0xac ./ra/fsp/src/r_ioport/r_ioport.o
 .text.R_IOPORT_Open
                0x000018a0       0x14 ./ra/fsp/src/r_ioport/r_ioport.o
                0x000018a0                R_IOPORT_Open
 .text.R_IIC_MASTER_SlaveAddressSet
                0x000018b4        0xc ./ra/fsp/src/r_iic_master/r_iic_master.o
                0x000018b4                R_IIC_MASTER_SlaveAddressSet
 .text.R_IIC_MASTER_CallbackSet
                0x000018c0       0x10 ./ra/fsp/src/r_iic_master/r_iic_master.o
                0x000018c0                R_IIC_MASTER_CallbackSet
 .text.R_IIC_MASTER_StatusGet
                0x000018d0       0x18 ./ra/fsp/src/r_iic_master/r_iic_master.o
                0x000018d0                R_IIC_MASTER_StatusGet
 .text.iic_master_notify
                0x000018e8       0x3c ./ra/fsp/src/r_iic_master/r_iic_master.o
 .text.iic_master_run_hw_master
                0x00001924      0x114 ./ra/fsp/src/r_iic_master/r_iic_master.o
 .text.R_IIC_MASTER_Write
                0x00001a38       0x30 ./ra/fsp/src/r_iic_master/r_iic_master.o
                0x00001a38                R_IIC_MASTER_Write
 .text.R_IIC_MASTER_Read
                0x00001a68       0x34 ./ra/fsp/src/r_iic_master/r_iic_master.o
                0x00001a68                R_IIC_MASTER_Read
 .text.iic_master_open_hw_master
                0x00001a9c      0x1c8 ./ra/fsp/src/r_iic_master/r_iic_master.o
 .text.R_IIC_MASTER_Open
                0x00001c64       0x74 ./ra/fsp/src/r_iic_master/r_iic_master.o
                0x00001c64                R_IIC_MASTER_Open
 .text.R_IIC_MASTER_Abort
                0x00001cd8       0x30 ./ra/fsp/src/r_iic_master/r_iic_master.o
                0x00001cd8                R_IIC_MASTER_Abort
 .text.R_IIC_MASTER_Close
                0x00001d08       0xdc ./ra/fsp/src/r_iic_master/r_iic_master.o
                0x00001d08                R_IIC_MASTER_Close
 .text.iic_master_rxi_isr
                0x00001de4      0x194 ./ra/fsp/src/r_iic_master/r_iic_master.o
                0x00001de4                iic_master_rxi_isr
 .text.iic_master_txi_isr
                0x00001f78      0x120 ./ra/fsp/src/r_iic_master/r_iic_master.o
                0x00001f78                iic_master_txi_isr
 .text.iic_master_tei_isr
                0x00002098       0xe0 ./ra/fsp/src/r_iic_master/r_iic_master.o
                0x00002098                iic_master_tei_isr
 .text.iic_master_eri_isr
                0x00002178      0x140 ./ra/fsp/src/r_iic_master/r_iic_master.o
                0x00002178                iic_master_eri_isr
 .text.SystemCoreClockUpdate
                0x000022b8       0x28 ./ra/fsp/src/bsp/mcu/all/bsp_clocks.o
                0x000022b8                SystemCoreClockUpdate
 .text.bsp_clock_init
                0x000022e0       0xec ./ra/fsp/src/bsp/mcu/all/bsp_clocks.o
                0x000022e0                bsp_clock_init
 .text.R_BSP_Init_RTC
                0x000023cc       0x28 ./ra/fsp/src/bsp/mcu/all/bsp_clocks.o
                0x000023cc                R_BSP_Init_RTC
 .text.__assert_func
                0x000023f4        0x4 ./ra/fsp/src/bsp/mcu/all/bsp_common.o
                0x000023f4                __assert_func
 .text.bsp_prv_software_delay_loop
                0x000023f8        0xc ./ra/fsp/src/bsp/mcu/all/bsp_delay.o
                0x000023f8                bsp_prv_software_delay_loop
 .text.R_BSP_SoftwareDelay
                0x00002404       0x58 ./ra/fsp/src/bsp/mcu/all/bsp_delay.o
                0x00002404                R_BSP_SoftwareDelay
 .text.NMI_Handler
                0x0000245c       0x3c ./ra/fsp/src/bsp/mcu/all/bsp_group_irq.o
                0x0000245c                NMI_Handler
 .text.bsp_irq_cfg
                0x00002498       0xa4 ./ra/fsp/src/bsp/mcu/all/bsp_irq.o
                0x00002498                bsp_irq_cfg
 .text.R_BSP_RegisterProtectEnable
                0x0000253c       0x60 ./ra/fsp/src/bsp/mcu/all/bsp_register_protection.o
                0x0000253c                R_BSP_RegisterProtectEnable
 .text.R_BSP_RegisterProtectDisable
                0x0000259c       0x54 ./ra/fsp/src/bsp/mcu/all/bsp_register_protection.o
                0x0000259c                R_BSP_RegisterProtectDisable
 .text._sbrk    0x000025f0       0x40 ./ra/fsp/src/bsp/mcu/all/bsp_sbrk.o
                0x000025f0                _sbrk
 .text.Default_Handler
                0x00002630        0x4 ./ra/fsp/src/bsp/cmsis/Device/RENESAS/Source/startup.o
                0x00002630                DebugMon_Handler
                0x00002630                HardFault_Handler
                0x00002630                SysTick_Handler
                0x00002630                PendSV_Handler
                0x00002630                UsageFault_Handler
                0x00002630                SecureFault_Handler
                0x00002630                Default_Handler
                0x00002630                MemManage_Handler
                0x00002630                SVC_Handler
                0x00002630                BusFault_Handler
 .text.Reset_Handler
                0x00002634        0xc ./ra/fsp/src/bsp/cmsis/Device/RENESAS/Source/startup.o
                0x00002634                Reset_Handler
 .text.SystemInit
                0x00002640       0xe0 ./ra/fsp/src/bsp/cmsis/Device/RENESAS/Source/system.o
                0x00002640                SystemInit
 .text.bsp_init
                0x00002720        0x4 ./ra/board/ra6m5_ck/board_init.o
                0x00002720                bsp_init
 .text.sprintf  0x00002724       0x40 C:/Renesas/RA/e2studio_v2024-04_fsp_v5.4.0/toolchains/gcc_arm/13.2.rel1/bin/../lib/gcc/arm-none-eabi/13.2.1/thumb/v8-m.main+fp/hard\libg_nano.a(libc_a-sprintf.o)
                0x00002724                siprintf
                0x00002724                sprintf
 .text.memset   0x00002764       0x10 C:/Renesas/RA/e2studio_v2024-04_fsp_v5.4.0/toolchains/gcc_arm/13.2.rel1/bin/../lib/gcc/arm-none-eabi/13.2.1/thumb/v8-m.main+fp/hard\libg_nano.a(libc_a-memset.o)
                0x00002764                memset
 .text.__errno  0x00002774        0xc C:/Renesas/RA/e2studio_v2024-04_fsp_v5.4.0/toolchains/gcc_arm/13.2.rel1/bin/../lib/gcc/arm-none-eabi/13.2.1/thumb/v8-m.main+fp/hard\libg_nano.a(libc_a-errno.o)
                0x00002774                __errno
 .text.__retarget_lock_acquire_recursive
                0x00002780        0x2 C:/Renesas/RA/e2studio_v2024-04_fsp_v5.4.0/toolchains/gcc_arm/13.2.rel1/bin/../lib/gcc/arm-none-eabi/13.2.1/thumb/v8-m.main+fp/hard\libg_nano.a(libc_a-lock.o)
                0x00002780                __retarget_lock_acquire_recursive
 .text.__retarget_lock_release_recursive
                0x00002782        0x2 C:/Renesas/RA/e2studio_v2024-04_fsp_v5.4.0/toolchains/gcc_arm/13.2.rel1/bin/../lib/gcc/arm-none-eabi/13.2.1/thumb/v8-m.main+fp/hard\libg_nano.a(libc_a-lock.o)
                0x00002782                __retarget_lock_release_recursive
 .text.memcpy   0x00002784       0x1a C:/Renesas/RA/e2studio_v2024-04_fsp_v5.4.0/toolchains/gcc_arm/13.2.rel1/bin/../lib/gcc/arm-none-eabi/13.2.1/thumb/v8-m.main+fp/hard\libg_nano.a(libc_a-memcpy-stub.o)
                0x00002784                memcpy
 .text          0x0000279e       0x10 C:/Renesas/RA/e2studio_v2024-04_fsp_v5.4.0/toolchains/gcc_arm/13.2.rel1/bin/../lib/gcc/arm-none-eabi/13.2.1/thumb/v8-m.main+fp/hard\libg_nano.a(libc_a-strlen.o)
                0x0000279e                strlen
 *fill*         0x000027ae        0x2 ff
 .text._free_r  0x000027b0       0x94 C:/Renesas/RA/e2studio_v2024-04_fsp_v5.4.0/toolchains/gcc_arm/13.2.rel1/bin/../lib/gcc/arm-none-eabi/13.2.1/thumb/v8-m.main+fp/hard\libg_nano.a(libc_a-freer.o)
                0x000027b0                _free_r
 .text.sbrk_aligned
                0x00002844       0x44 C:/Renesas/RA/e2studio_v2024-04_fsp_v5.4.0/toolchains/gcc_arm/13.2.rel1/bin/../lib/gcc/arm-none-eabi/13.2.1/thumb/v8-m.main+fp/hard\libg_nano.a(libc_a-mallocr.o)
 .text._malloc_r
                0x00002888      0x100 C:/Renesas/RA/e2studio_v2024-04_fsp_v5.4.0/toolchains/gcc_arm/13.2.rel1/bin/../lib/gcc/arm-none-eabi/13.2.1/thumb/v8-m.main+fp/hard\libg_nano.a(libc_a-mallocr.o)
                0x00002888                _malloc_r
 .text.__malloc_lock
                0x00002988        0xc C:/Renesas/RA/e2studio_v2024-04_fsp_v5.4.0/toolchains/gcc_arm/13.2.rel1/bin/../lib/gcc/arm-none-eabi/13.2.1/thumb/v8-m.main+fp/hard\libg_nano.a(libc_a-mlock.o)
                0x00002988                __malloc_lock
 .text.__malloc_unlock
                0x00002994        0xc C:/Renesas/RA/e2studio_v2024-04_fsp_v5.4.0/toolchains/gcc_arm/13.2.rel1/bin/../lib/gcc/arm-none-eabi/13.2.1/thumb/v8-m.main+fp/hard\libg_nano.a(libc_a-mlock.o)
                0x00002994                __malloc_unlock
 .text.__ssputs_r
                0x000029a0       0xb6 C:/Renesas/RA/e2studio_v2024-04_fsp_v5.4.0/toolchains/gcc_arm/13.2.rel1/bin/../lib/gcc/arm-none-eabi/13.2.1/thumb/v8-m.main+fp/hard\libg_nano.a(libc_a-nano-svfprintf.o)
                0x000029a0                __ssputs_r
 *fill*         0x00002a56        0x2 ff
 .text._svfprintf_r
                0x00002a58      0x1f8 C:/Renesas/RA/e2studio_v2024-04_fsp_v5.4.0/toolchains/gcc_arm/13.2.rel1/bin/../lib/gcc/arm-none-eabi/13.2.1/thumb/v8-m.main+fp/hard\libg_nano.a(libc_a-nano-svfprintf.o)
                0x00002a58                _svfiprintf_r
                0x00002a58                _svfprintf_r
 .text._printf_common
                0x00002c50       0xe4 C:/Renesas/RA/e2studio_v2024-04_fsp_v5.4.0/toolchains/gcc_arm/13.2.rel1/bin/../lib/gcc/arm-none-eabi/13.2.1/thumb/v8-m.main+fp/hard\libg_nano.a(libc_a-nano-vfprintf_i.o)
                0x00002c50                _printf_common
 .text._printf_i
                0x00002d34      0x23c C:/Renesas/RA/e2studio_v2024-04_fsp_v5.4.0/toolchains/gcc_arm/13.2.rel1/bin/../lib/gcc/arm-none-eabi/13.2.1/thumb/v8-m.main+fp/hard\libg_nano.a(libc_a-nano-vfprintf_i.o)
                0x00002d34                _printf_i
 .text.memmove  0x00002f70       0x34 C:/Renesas/RA/e2studio_v2024-04_fsp_v5.4.0/toolchains/gcc_arm/13.2.rel1/bin/../lib/gcc/arm-none-eabi/13.2.1/thumb/v8-m.main+fp/hard\libg_nano.a(libc_a-memmove.o)
                0x00002f70                memmove
 .text._sbrk_r  0x00002fa4       0x20 C:/Renesas/RA/e2studio_v2024-04_fsp_v5.4.0/toolchains/gcc_arm/13.2.rel1/bin/../lib/gcc/arm-none-eabi/13.2.1/thumb/v8-m.main+fp/hard\libg_nano.a(libc_a-sbrkr.o)
                0x00002fa4                _sbrk_r
 .text.memchr   0x00002fc4       0x1c C:/Renesas/RA/e2studio_v2024-04_fsp_v5.4.0/toolchains/gcc_arm/13.2.rel1/bin/../lib/gcc/arm-none-eabi/13.2.1/thumb/v8-m.main+fp/hard\libg_nano.a(libc_a-memchr-stub.o)
                0x00002fc4                memchr
 .text._realloc_r
                0x00002fe0       0x5c C:/Renesas/RA/e2studio_v2024-04_fsp_v5.4.0/toolchains/gcc_arm/13.2.rel1/bin/../lib/gcc/arm-none-eabi/13.2.1/thumb/v8-m.main+fp/hard\libg_nano.a(libc_a-reallocr.o)
                0x00002fe0                _realloc_r
 .text._malloc_usable_size_r
                0x0000303c       0x10 C:/Renesas/RA/e2studio_v2024-04_fsp_v5.4.0/toolchains/gcc_arm/13.2.rel1/bin/../lib/gcc/arm-none-eabi/13.2.1/thumb/v8-m.main+fp/hard\libg_nano.a(libc_a-msizer.o)
                0x0000303c                _malloc_usable_size_r
 *(.version)
 .version       0x0000304c       0x50 ./ra/fsp/src/bsp/mcu/all/bsp_common.o
 *(.init)
 .init          0x0000309c        0x4 C:/Renesas/RA/e2studio_v2024-04_fsp_v5.4.0/toolchains/gcc_arm/13.2.rel1/bin/../lib/gcc/arm-none-eabi/13.2.1/thumb/v8-m.main+fp/hard/crti.o
                0x0000309c                _init
 .init          0x000030a0        0x8 C:/Renesas/RA/e2studio_v2024-04_fsp_v5.4.0/toolchains/gcc_arm/13.2.rel1/bin/../lib/gcc/arm-none-eabi/13.2.1/thumb/v8-m.main+fp/hard/crtn.o
 *(.fini)
 .fini          0x000030a8        0x4 C:/Renesas/RA/e2studio_v2024-04_fsp_v5.4.0/toolchains/gcc_arm/13.2.rel1/bin/../lib/gcc/arm-none-eabi/13.2.1/thumb/v8-m.main+fp/hard/crti.o
                0x000030a8                _fini
 .fini          0x000030ac        0x8 C:/Renesas/RA/e2studio_v2024-04_fsp_v5.4.0/toolchains/gcc_arm/13.2.rel1/bin/../lib/gcc/arm-none-eabi/13.2.1/thumb/v8-m.main+fp/hard/crtn.o
 *crtbegin.o(.ctors)
 *crtbegin?.o(.ctors)
 *(EXCLUDE_FILE(*crtend.o *crtend?.o) .ctors)
 *(SORT_BY_NAME(.ctors.*))
 *(.ctors)
 *crtbegin.o(.dtors)
 *crtbegin?.o(.dtors)
 *(EXCLUDE_FILE(*crtend.o *crtend?.o) .dtors)
 *(SORT_BY_NAME(.dtors.*))
 *(.dtors)
 *(.rodata*)
 .rodata.g_comms_i2c_bus0_quick_setup.str1.4
                0x000030b4       0xd2 ./src/hal_entry.o
                                 0x27 (size before relaxing)
 .rodata.hal_entry.str1.4
                0x00003186       0xa6 ./src/hal_entry.o
 *fill*         0x00003186        0x2 ff
 .rodata.__func__.0
                0x00003188       0x33 ./src/hal_entry.o
 *fill*         0x000031bb        0x1 ff
 .rodata.__func__.1
                0x000031bc       0x2f ./src/hal_entry.o
 *fill*         0x000031eb        0x1 ff
 .rodata.__func__.2
                0x000031ec       0x1d ./src/hal_entry.o
 *fill*         0x00003209        0x3 ff
 .rodata.__func__.3
                0x0000320c       0x1d ./src/hal_entry.o
 *fill*         0x00003229        0x3 ff
 .rodata.g_i2c_master0
                0x0000322c        0xc ./ra_gen/common_data.o
                0x0000322c                g_i2c_master0
 .rodata.g_i2c_master0_cfg
                0x00003238       0x28 ./ra_gen/common_data.o
                0x00003238                g_i2c_master0_cfg
 .rodata.g_i2c_master0_extend
                0x00003260        0x8 ./ra_gen/common_data.o
                0x00003260                g_i2c_master0_extend
 .rodata.g_uart0_cfg
                0x00003268       0x20 ./ra_gen/hal_data.o
                0x00003268                g_uart0_cfg
 .rodata.g_uart0_cfg_extend
                0x00003288       0x14 ./ra_gen/hal_data.o
                0x00003288                g_uart0_cfg_extend
 .rodata.g_ob1203_sensor0
                0x0000329c        0xc ./ra_gen/hal_data.o
                0x0000329c                g_ob1203_sensor0
 .rodata.g_ob1203_sensor0_cfg
                0x000032a8       0x1c ./ra_gen/hal_data.o
                0x000032a8                g_ob1203_sensor0_cfg
 .rodata.g_comms_i2c_device0
                0x000032c4        0xc ./ra_gen/hal_data.o
                0x000032c4                g_comms_i2c_device0
 .rodata.g_comms_i2c_device0_cfg
                0x000032d0       0x14 ./ra_gen/hal_data.o
                0x000032d0                g_comms_i2c_device0_cfg
 .rodata.g_comms_i2c_device0_lower_level_cfg
                0x000032e4       0x28 ./ra_gen/hal_data.o
                0x000032e4                g_comms_i2c_device0_lower_level_cfg
 .rodata.g_bsp_pin_cfg
                0x0000330c        0xc ./ra_gen/pin_data.o
                0x0000330c                g_bsp_pin_cfg
 .rodata.g_bsp_pin_cfg_data
                0x00003318      0x280 ./ra_gen/pin_data.o
                0x00003318                g_bsp_pin_cfg_data
 .rodata.g_interrupt_event_link_select
                0x00003598       0xc0 ./ra_gen/vector_data.o
                0x00003598                g_interrupt_event_link_select
 .rodata.g_ob1203_on_ob1203_light_proximity
                0x00003658       0x3c ./ra/fsp/src/rm_ob1203/light_proximity_mode/rm_ob1203_light_proximity_mode.o
                0x00003658                g_ob1203_on_ob1203_light_proximity
 .rodata.g_ob1203_on_ob1203
                0x00003694       0x3c ./ra/fsp/src/rm_ob1203/rm_ob1203.o
                0x00003694                g_ob1203_on_ob1203
 .rodata.g_comms_on_comms_i2c
                0x000036d0       0x18 ./ra/fsp/src/rm_comms_i2c/rm_comms_i2c.o
                0x000036d0                g_comms_on_comms_i2c
 .rodata.g_vbatt_pins_input
                0x000036e8        0x6 ./ra/fsp/src/r_ioport/r_ioport.o
 *fill*         0x000036ee        0x2 ff
 .rodata.g_i2c_master_on_iic
                0x000036f0       0x20 ./ra/fsp/src/r_iic_master/r_iic_master.o
                0x000036f0                g_i2c_master_on_iic
 .rodata.g_prcr_masks
                0x00003710        0x8 ./ra/fsp/src/bsp/mcu/all/bsp_register_protection.o
 .rodata._svfprintf_r.str1.1
                0x00003718       0x33 C:/Renesas/RA/e2studio_v2024-04_fsp_v5.4.0/toolchains/gcc_arm/13.2.rel1/bin/../lib/gcc/arm-none-eabi/13.2.1/thumb/v8-m.main+fp/hard\libg_nano.a(libc_a-nano-svfprintf.o)
                                 0x11 (size before relaxing)
 .rodata._printf_i.str1.1
                0x0000374b       0x22 C:/Renesas/RA/e2studio_v2024-04_fsp_v5.4.0/toolchains/gcc_arm/13.2.rel1/bin/../lib/gcc/arm-none-eabi/13.2.1/thumb/v8-m.main+fp/hard\libg_nano.a(libc_a-nano-vfprintf_i.o)
                0x0000374b                        __usb_dev_descriptor_start_fs = .
 *(.usb_device_desc_fs*)
                0x0000374b                        __usb_cfg_descriptor_start_fs = .
 *(.usb_config_desc_fs*)
                0x0000374b                        __usb_interface_descriptor_start_fs = .
 *(.usb_interface_desc_fs*)
                0x0000374b                        __usb_descriptor_end_fs = .
                0x0000374b                        __usb_dev_descriptor_start_hs = .
 *(.usb_device_desc_hs*)
                0x0000374b                        __usb_cfg_descriptor_start_hs = .
 *(.usb_config_desc_hs*)
                0x0000374b                        __usb_interface_descriptor_start_hs = .
 *(.usb_interface_desc_hs*)
                0x0000374b                        __usb_descriptor_end_hs = .
 *(.eh_frame*)
 *fill*         0x0000374b        0x1 ff
 .eh_frame      0x0000374c        0x0 C:/Renesas/RA/e2studio_v2024-04_fsp_v5.4.0/toolchains/gcc_arm/13.2.rel1/bin/../lib/gcc/arm-none-eabi/13.2.1/thumb/v8-m.main+fp/hard/crtbegin.o
 .eh_frame      0x0000374c       0x28 C:/Renesas/RA/e2studio_v2024-04_fsp_v5.4.0/toolchains/gcc_arm/13.2.rel1/bin/../lib/gcc/arm-none-eabi/13.2.1/thumb/v8-m.main+fp/hard\libg_nano.a(libc_a-strlen.o)
 .eh_frame      0x00003774        0x4 C:/Renesas/RA/e2studio_v2024-04_fsp_v5.4.0/toolchains/gcc_arm/13.2.rel1/bin/../lib/gcc/arm-none-eabi/13.2.1/thumb/v8-m.main+fp/hard/crtend.o
                0x00003778                        __ROM_End = .
                0x000001c0                        __Vectors_Size = (__Vectors_End - __Vectors)

.glue_7         0x00003778        0x0
 .glue_7        0x00003778        0x0 linker stubs

.glue_7t        0x00003778        0x0
 .glue_7t       0x00003778        0x0 linker stubs

.vfp11_veneer   0x00003778        0x0
 .vfp11_veneer  0x00003778        0x0 linker stubs

.v4_bx          0x00003778        0x0
 .v4_bx         0x00003778        0x0 linker stubs

.iplt           0x00003778        0x0
 .iplt          0x00003778        0x0 C:/Renesas/RA/e2studio_v2024-04_fsp_v5.4.0/toolchains/gcc_arm/13.2.rel1/bin/../lib/gcc/arm-none-eabi/13.2.1/thumb/v8-m.main+fp/hard/crtbegin.o
                0x00003778                        . = .
                0x00003778                        __itcm_data_pre_location = .

.itcm_data      0x00000000        0x0 load address 0x00003780
                0x00000000                        __tz_ITCM_S = ABSOLUTE (ITCM_START)
                0x00000000                        __itcm_data_start = .
 *(.itcm_data*)
                0x00000000                        . = ALIGN (0x8)
                0x00000000                        __itcm_data_end = .
                0x00000000                        __tz_ITCM_N = DEFINED (ITCM_NS_START)?ABSOLUTE (ITCM_NS_START):ALIGN (__itcm_data_end, 0x2000)
                0x00003780                        __itcm_data_init_start = LOADADDR (.itcm_data)
                0x00003780                        __itcm_data_init_end = (LOADADDR (.itcm_data) + SIZEOF (.itcm_data))
                0x00000001                        ASSERT (((ORIGIN (ITCM) % 0x8) == 0x0), ITCM memory region origin must be aligned to 8 bytes.)
                0x00000001                        ASSERT (((LENGTH (ITCM) % 0x8) == 0x0), ITCM memory region length must be a multiple of 8 bytes.)
                0x00000001                        ASSERT (((LOADADDR (.itcm_data) % 0x10) == 0x0), .itcm_data section must be aligned to 16 bytes.)
                0x00000001                        ASSERT (((SIZEOF (.itcm_data) % 0x8) == 0x0), .itcm_data section size must be a multiple of 8 bytes.)
                0x00003778                        . = (SIZEOF (.itcm_data) > 0x0)?__itcm_data_init_end:__itcm_data_pre_location
                0x00003778                        __exidx_start = .

/DISCARD/
 *(.ARM.extab* .gnu.linkonce.armextab.*)
 *(.ARM.exidx* .gnu.linkonce.armexidx.*)
                0x00003778                        __exidx_end = .
                0x00003778                        __etext = .
                0x20000000                        __tz_RAM_S = ORIGIN (RAM)

.fsp_dtc_vector_table
                0x20000000        0x0
                0x20000000                        . = ORIGIN (RAM)
 *(.fsp_dtc_vector_table)

.data           0x20000000       0xac load address 0x00003778
                0x20000000                        __data_start__ = .
                0x20000000                        . = ALIGN (0x4)
                0x20000000                        __Code_In_RAM_Start = .
 *(.code_in_ram*)
                0x20000000                        __Code_In_RAM_End = .
 *(vtable)
 *(.data.*)
 .data.g_comms_i2c_bus0_extended_cfg
                0x20000000       0x14 ./ra_gen/common_data.o
                0x20000000                g_comms_i2c_bus0_extended_cfg
 .data.g_uart0_baud_setting
                0x20000014        0x4 ./ra_gen/hal_data.o
                0x20000014                g_uart0_baud_setting
 .data.g_ob1203_sensor0_extended_cfg
                0x20000018       0x3c ./ra_gen/hal_data.o
                0x20000018                g_ob1203_sensor0_extended_cfg
 .data._impure_ptr
                0x20000054        0x4 C:/Renesas/RA/e2studio_v2024-04_fsp_v5.4.0/toolchains/gcc_arm/13.2.rel1/bin/../lib/gcc/arm-none-eabi/13.2.1/thumb/v8-m.main+fp/hard\libg_nano.a(libc_a-impure.o)
                0x20000054                _impure_ptr
 .data._impure_data
                0x20000058       0x4c C:/Renesas/RA/e2studio_v2024-04_fsp_v5.4.0/toolchains/gcc_arm/13.2.rel1/bin/../lib/gcc/arm-none-eabi/13.2.1/thumb/v8-m.main+fp/hard\libg_nano.a(libc_a-impure.o)
                0x20000058                _impure_data
 *(.data)
                0x200000a4                        . = ALIGN (0x4)
                0x200000a4                        PROVIDE (__preinit_array_start = .)
 *(.preinit_array)
                0x200000a4                        PROVIDE (__preinit_array_end = .)
                0x200000a4                        . = ALIGN (0x4)
                0x200000a4                        PROVIDE (__init_array_start = .)
 *(SORT_BY_NAME(.init_array.*))
 *(.init_array)
 .init_array    0x200000a4        0x4 C:/Renesas/RA/e2studio_v2024-04_fsp_v5.4.0/toolchains/gcc_arm/13.2.rel1/bin/../lib/gcc/arm-none-eabi/13.2.1/thumb/v8-m.main+fp/hard/crtbegin.o
                0x200000a8                        PROVIDE (__init_array_end = .)
                0x200000a8                        . = ALIGN (0x4)
                [!provide]                        PROVIDE (__fini_array_start = .)
 *(SORT_BY_NAME(.fini_array.*))
 *(.fini_array)
 .fini_array    0x200000a8        0x4 C:/Renesas/RA/e2studio_v2024-04_fsp_v5.4.0/toolchains/gcc_arm/13.2.rel1/bin/../lib/gcc/arm-none-eabi/13.2.1/thumb/v8-m.main+fp/hard/crtbegin.o
                [!provide]                        PROVIDE (__fini_array_end = .)
 *(.jcr*)
                0x200000ac                        . = ALIGN (0x4)
                0x200000ac                        __data_end__ = .

.tm_clone_table
                0x200000ac        0x0 load address 0x00003824
 .tm_clone_table
                0x200000ac        0x0 C:/Renesas/RA/e2studio_v2024-04_fsp_v5.4.0/toolchains/gcc_arm/13.2.rel1/bin/../lib/gcc/arm-none-eabi/13.2.1/thumb/v8-m.main+fp/hard/crtbegin.o
 .tm_clone_table
                0x200000ac        0x0 C:/Renesas/RA/e2studio_v2024-04_fsp_v5.4.0/toolchains/gcc_arm/13.2.rel1/bin/../lib/gcc/arm-none-eabi/13.2.1/thumb/v8-m.main+fp/hard/crtend.o

.igot.plt       0x200000ac        0x0 load address 0x00003824
 .igot.plt      0x200000ac        0x0 C:/Renesas/RA/e2studio_v2024-04_fsp_v5.4.0/toolchains/gcc_arm/13.2.rel1/bin/../lib/gcc/arm-none-eabi/13.2.1/thumb/v8-m.main+fp/hard/crtbegin.o
                0x200000ac                        . = .
                0x00003824                        __dtcm_data_pre_location = (LOADADDR (.data) + SIZEOF (.data))

.dtcm_data      0x00000000        0x0 load address 0x00003830
                0x00000000                        __tz_DTCM_S = ABSOLUTE (DTCM_START)
                0x00000000                        __dtcm_data_start = .
 *(.dtcm_data*)
                0x00000000                        . = ALIGN (0x8)
                0x00000000                        __dtcm_data_end = .
                0x00000000                        . = __dtcm_data_end

.dtcm_bss       0x00000000        0x0
                0x00000000                        __dtcm_bss_start = .
 *(.dtcm_bss*)
                0x00000000                        . = ALIGN (0x8)
                0x00000000                        __dtcm_bss_end = .
                0x00000000                        __tz_DTCM_N = DEFINED (DTCM_NS_START)?ABSOLUTE (DTCM_NS_START):ALIGN (__dtcm_bss_end, 0x2000)
                0x00003830                        __dtcm_data_init_start = LOADADDR (.dtcm_data)
                0x00003830                        __dtcm_data_init_end = (LOADADDR (.dtcm_data) + SIZEOF (.dtcm_data))
                0x00000001                        ASSERT (((ORIGIN (DTCM) % 0x8) == 0x0), DTCM memory region origin must be aligned to 8 bytes.)
                0x00000001                        ASSERT (((LENGTH (DTCM) % 0x8) == 0x0), DTCM memory region length must be a multiple of 8 bytes.)
                0x00000001                        ASSERT ((LOADADDR (.dtcm_bss) == ADDR (.dtcm_bss)), .dtcm_bss has (VMA != LMA) but should be NOLOAD (VMA == LMA).)
                0x00000001                        ASSERT (((LOADADDR (.dtcm_data) % 0x10) == 0x0), .dtcm_data section must be aligned to 16 bytes.)
                0x00000001                        ASSERT (((SIZEOF (.dtcm_data) % 0x8) == 0x0), .dtcm_data section size must be a multiple of 8 bytes.)
                0x00000001                        ASSERT (((LOADADDR (.dtcm_bss) % 0x8) == 0x0), .dtcm_bss section must be aligned to 8 bytes.)
                0x00000001                        ASSERT (((SIZEOF (.dtcm_bss) % 0x8) == 0x0), .dtcm_bss section size must be a multiple of 8 bytes.)
                0x00000001                        ASSERT ((__dtcm_bss_start == __dtcm_data_end), .dtcm_bss section is not adjacent to .dtcm_data section.)
                0x00003824                        . = (SIZEOF (.dtcm_data) > 0x0)?__dtcm_data_init_end:__dtcm_data_pre_location
                0x00003824                        sgstubs_pre_location = .
                0x00003c00                        SGSTUBS_LOC = (DEFINED (PROJECT_SECURE) && DEFINED (FLASH_NSC_START))?ABSOLUTE (FLASH_NSC_START):ALIGN (0x400)

.gnu.sgstubs    0x00003c00        0x0
                0x00003c00                        __tz_FLASH_C = DEFINED (FLASH_NSC_START)?ABSOLUTE (FLASH_NSC_START):__RESERVE_NS_RAM?ABSOLUTE ((FLASH_START + FLASH_LENGTH)):ALIGN (0x400)
                0x00003c00                        _start_sg = .
 *(.gnu.sgstubs*)
                0x00003c00                        . = ALIGN (0x20)
                0x00003c00                        _end_sg = .
                0x00008000                        __tz_FLASH_N = DEFINED (FLASH_NS_START)?ABSOLUTE (FLASH_NS_START):__RESERVE_NS_RAM?ABSOLUTE ((FLASH_START + FLASH_LENGTH)):(FLASH_LENGTH < 0x8000)?FLASH_LENGTH:ALIGN (0x8000)
                0x00008000                        FLASH_NS_IMAGE_START = DEFINED (FLASH_NS_IMAGE_START)?FLASH_NS_IMAGE_START:__tz_FLASH_N
                0x60000000                        __tz_QSPI_FLASH_S = ORIGIN (QSPI_FLASH)

.qspi_flash     0x60000000        0x0
                0x60000000                        __qspi_flash_start__ = .
 *(.qspi_flash*)
 *(.code_in_qspi*)
                0x60000000                        __qspi_flash_end__ = .
                0x00000000                        __qspi_flash_code_size__ = (__qspi_flash_end__ - __qspi_flash_start__)
                0x00003824                        __qspi_flash_code_addr__ = sgstubs_pre_location

.qspi_non_retentive
                0x60000000        0x0 load address 0x00003824
                0x60000000                        __qspi_non_retentive_start__ = .
 *(.qspi_non_retentive*)
                0x60000000                        __qspi_non_retentive_end__ = .
                0x00000000                        __qspi_non_retentive_size__ = (__qspi_non_retentive_end__ - __qspi_non_retentive_start__)
                0x04000000                        __qspi_region_max_size__ = 0x4000000
                0x60000000                        __qspi_region_start_address__ = __qspi_flash_start__
                0x64000000                        __qspi_region_end_address__ = (__qspi_flash_start__ + __qspi_region_max_size__)
                0x60000000                        __tz_QSPI_FLASH_N = __qspi_non_retentive_end__

.OSPI_DEVICE_0_NO_LOAD
                0x68000000        0x0
                0x68000000                        . = ALIGN (0x4)
                0x68000000                        __ospi_device_0_start__ = .
 *(.ospi_device_0_no_load*)
                0x68000000                        . = ALIGN (0x4)
                0x68000000                        __ospi_device_0_end__ = .

.OSPI_DEVICE_1_NO_LOAD
                0x70000000        0x0
                0x70000000                        . = ALIGN (0x4)
                0x70000000                        __ospi_device_1_start__ = .
 *(.ospi_device_1_no_load*)
                0x70000000                        . = ALIGN (0x4)
                0x70000000                        __ospi_device_1_end__ = .
                0x68000000                        __tz_OSPI_DEVICE_0_S = ORIGIN (OSPI_DEVICE_0)

.OSPI_DEVICE_0  0x68000000        0x0
                0x68000000                        __ospi_device_0_start__ = .
 *(.ospi_device_0*)
 *(.code_in_ospi_device_0*)
                0x68000000                        __ospi_device_0_end__ = .
                0x00000000                        __ospi_device_0_code_size__ = (__ospi_device_0_end__ - __ospi_device_0_start__)
                0x00003824                        __ospi_device_0_code_addr__ = (sgstubs_pre_location + SIZEOF (.qspi_non_retentive))

.ospi_device_0_non_retentive
                0x68000000        0x0 load address 0x00003824
                0x68000000                        __ospi_device_0_non_retentive_start__ = .
 *(.ospi_device_0_non_retentive*)
                0x68000000                        __ospi_device_0_non_retentive_end__ = .
                0x00000000                        __ospi_device_0_non_retentive_size__ = (__ospi_device_0_non_retentive_end__ - __ospi_device_0_non_retentive_start__)
                0x08000000                        __ospi_device_0_region_max_size__ = 0x8000000
                0x68000000                        __ospi_device_0_region_start_address__ = __ospi_device_0_start__
                0x70000000                        __ospi_device_0_region_end_address__ = (__ospi_device_0_start__ + __ospi_device_0_region_max_size__)
                0x68000000                        __tz_OSPI_DEVICE_0_N = __ospi_device_0_non_retentive_end__
                0x70000000                        __tz_OSPI_DEVICE_1_S = ORIGIN (OSPI_DEVICE_1)

.OSPI_DEVICE_1  0x70000000        0x0
                0x70000000                        __ospi_device_1_start__ = .
 *(.ospi_device_1*)
 *(.code_in_ospi_device_1*)
                0x70000000                        __ospi_device_1_end__ = .
                0x00000000                        __ospi_device_1_code_size__ = (__ospi_device_1_end__ - __ospi_device_1_start__)
                0x00003824                        __ospi_device_1_code_addr__ = (sgstubs_pre_location + (SIZEOF (.qspi_non_retentive) + SIZEOF (.ospi_device_0_non_retentive)))

.ospi_device_1_non_retentive
                0x70000000        0x0 load address 0x00003824
                0x70000000                        __ospi_device_1_non_retentive_start__ = .
 *(.ospi_device_1_non_retentive*)
                0x70000000                        __ospi_device_1_non_retentive_end__ = .
                0x00000000                        __ospi_device_1_non_retentive_size__ = (__ospi_device_1_non_retentive_end__ - __ospi_device_1_non_retentive_start__)
                0x10000000                        __ospi_device_1_region_max_size__ = 0x10000000
                0x70000000                        __ospi_device_1_region_start_address__ = __ospi_device_1_start__
                0x80000000                        __ospi_device_1_region_end_address__ = (__ospi_device_1_start__ + __ospi_device_1_region_max_size__)
                0x70000000                        __tz_OSPI_DEVICE_1_N = __ospi_device_1_non_retentive_end__

.noinit         0x200000ac       0x1c
                0x200000ac                        . = ALIGN (0x4)
                0x200000ac                        __noinit_start = .
 *(.noinit*)
 .noinit        0x200000ac       0x1c ./ra/fsp/src/bsp/mcu/all/bsp_clocks.o
                0x200000c8                        . = ALIGN (0x8)
 *(.heap.*)
                0x200000c8                        __noinit_end = .

.bss            0x200000c8      0x410
                0x200000c8                        . = ALIGN (0x4)
                0x200000c8                        __bss_start__ = .
 *(.bss*)
 .bss.completed.1
                0x200000c8        0x1 C:/Renesas/RA/e2studio_v2024-04_fsp_v5.4.0/toolchains/gcc_arm/13.2.rel1/bin/../lib/gcc/arm-none-eabi/13.2.1/thumb/v8-m.main+fp/hard/crtbegin.o
 *fill*         0x200000c9        0x3 
 .bss.object.0  0x200000cc       0x18 C:/Renesas/RA/e2studio_v2024-04_fsp_v5.4.0/toolchains/gcc_arm/13.2.rel1/bin/../lib/gcc/arm-none-eabi/13.2.1/thumb/v8-m.main+fp/hard/crtbegin.o
 .bss.g_ob1203_i2c_completed
                0x200000e4        0x1 ./src/hal_entry.o
                0x200000e4                g_ob1203_i2c_completed
 .bss.is_transfer_complete
                0x200000e5        0x1 ./src/hal_entry.o
 *fill*         0x200000e6        0x2 
 .bss.g_ioport_ctrl
                0x200000e8        0x8 ./ra_gen/common_data.o
                0x200000e8                g_ioport_ctrl
 .bss.g_i2c_master0_ctrl
                0x200000f0       0x40 ./ra_gen/common_data.o
                0x200000f0                g_i2c_master0_ctrl
 .bss.g_uart0_ctrl
                0x20000130       0x30 ./ra_gen/hal_data.o
                0x20000130                g_uart0_ctrl
 .bss.g_ob1203_sensor0_ctrl
                0x20000160       0x38 ./ra_gen/hal_data.o
                0x20000160                g_ob1203_sensor0_ctrl
 .bss.g_comms_i2c_device0_ctrl
                0x20000198       0x24 ./ra_gen/hal_data.o
                0x20000198                g_comms_i2c_device0_ctrl
 .bss.g_bsp_group_irq_sources
                0x200001bc       0x40 ./ra/fsp/src/bsp/mcu/all/bsp_group_irq.o
                0x200001bc                g_bsp_group_irq_sources
 .bss.g_protect_pfswe_counter
                0x200001fc        0x4 ./ra/fsp/src/bsp/mcu/all/bsp_io.o
                0x200001fc                g_protect_pfswe_counter
 .bss.gp_renesas_isr_context
                0x20000200      0x180 ./ra/fsp/src/bsp/mcu/all/bsp_irq.o
                0x20000200                gp_renesas_isr_context
 .bss.g_protect_counters
                0x20000380        0x8 ./ra/fsp/src/bsp/mcu/all/bsp_register_protection.o
                0x20000380                g_protect_counters
 .bss.current_heap_end.0
                0x20000388        0x4 ./ra/fsp/src/bsp/mcu/all/bsp_sbrk.o
 .bss.SystemCoreClock
                0x2000038c        0x4 ./ra/fsp/src/bsp/cmsis/Device/RENESAS/Source/system.o
                0x2000038c                SystemCoreClock
 .bss.__sf      0x20000390      0x138 C:/Renesas/RA/e2studio_v2024-04_fsp_v5.4.0/toolchains/gcc_arm/13.2.rel1/bin/../lib/gcc/arm-none-eabi/13.2.1/thumb/v8-m.main+fp/hard\libg_nano.a(libc_a-findfp.o)
                0x20000390                __sf
 .bss.errno     0x200004c8        0x4 C:/Renesas/RA/e2studio_v2024-04_fsp_v5.4.0/toolchains/gcc_arm/13.2.rel1/bin/../lib/gcc/arm-none-eabi/13.2.1/thumb/v8-m.main+fp/hard\libg_nano.a(libc_a-reent.o)
                0x200004c8                errno
 .bss.__lock___malloc_recursive_mutex
                0x200004cc        0x1 C:/Renesas/RA/e2studio_v2024-04_fsp_v5.4.0/toolchains/gcc_arm/13.2.rel1/bin/../lib/gcc/arm-none-eabi/13.2.1/thumb/v8-m.main+fp/hard\libg_nano.a(libc_a-lock.o)
                0x200004cc                __lock___malloc_recursive_mutex
 *fill*         0x200004cd        0x3 
 .bss.__malloc_sbrk_start
                0x200004d0        0x4 C:/Renesas/RA/e2studio_v2024-04_fsp_v5.4.0/toolchains/gcc_arm/13.2.rel1/bin/../lib/gcc/arm-none-eabi/13.2.1/thumb/v8-m.main+fp/hard\libg_nano.a(libc_a-mallocr.o)
                0x200004d0                __malloc_sbrk_start
 .bss.__malloc_free_list
                0x200004d4        0x4 C:/Renesas/RA/e2studio_v2024-04_fsp_v5.4.0/toolchains/gcc_arm/13.2.rel1/bin/../lib/gcc/arm-none-eabi/13.2.1/thumb/v8-m.main+fp/hard\libg_nano.a(libc_a-mallocr.o)
                0x200004d4                __malloc_free_list
 *(COMMON)
                0x200004d8                        . = ALIGN (0x4)
                0x200004d8                        __bss_end__ = .

.heap           0x200004d8        0x0
                0x200004d8                        . = ALIGN (0x8)
                0x200004d8                        __HeapBase = .
 *(.heap)
                0x200004d8                        __HeapLimit = .

.stack_dummy    0x200004d8      0x400
                0x200004d8                        . = ALIGN (0x8)
                0x200004d8                        __StackLimit = .
 *(.stack)
 .stack         0x200004d8      0x400 ./ra/fsp/src/bsp/cmsis/Device/RENESAS/Source/startup.o
                0x200008d8                        __StackTop = .
 *(.stack*)
                0x200008d8                        __StackTopAll = .
                0x200008d8                        PROVIDE (__stack = __StackTopAll)
                0x200008d8                        __RAM_segment_used_end__ = ALIGN (__StackTopAll, 0x4)
                0x20000c00                        __tz_RAM_C = DEFINED (RAM_NSC_START)?ABSOLUTE ((RAM_NSC_START - RAM_NS_BUFFER_BLOCK_LENGTH)):__RESERVE_NS_RAM?ABSOLUTE (RAM_NS_BUFFER_BLOCK_START):ALIGN (__RAM_segment_used_end__, 0x400)
                0x20002000                        __tz_RAM_N = DEFINED (RAM_NS_START)?ABSOLUTE ((RAM_NS_START - RAM_NS_BUFFER_BLOCK_LENGTH)):__RESERVE_NS_RAM?ABSOLUTE (RAM_NS_BUFFER_BLOCK_START):ALIGN (__tz_RAM_C, 0x2000)

.ns_buffer      0x200008d8        0x0
                0x200008d8                        . = __RESERVE_NS_RAM?ABSOLUTE ((RAM_NS_BUFFER_START & 0xffffffe0)):.
 *(.ns_buffer*)

.data_flash     0x08000000        0x0
                0x08000000                        . = ORIGIN (DATA_FLASH)
                0x08000000                        __tz_DATA_FLASH_S = .
                0x08000000                        __Data_Flash_Start = .
 *(.data_flash*)
                0x08000000                        __Data_Flash_End = .
                0x08000000                        __tz_DATA_FLASH_N = DEFINED (DATA_FLASH_NS_START)?ABSOLUTE (DATA_FLASH_NS_START):__RESERVE_NS_RAM?ABSOLUTE ((DATA_FLASH_START + DATA_FLASH_LENGTH)):ALIGN (0x400)
                0x80010000                        __tz_SDRAM_S = ORIGIN (SDRAM)

.sdram          0x80010000        0x0
                0x80010000                        __SDRAM_Start = .
 *(.sdram*)
 *(.frame*)
                0x80010000                        __SDRAM_End = .
                0x80010000                        __tz_SDRAM_N = __SDRAM_End
                0x00000000                        __tz_ID_CODE_S = ORIGIN (ID_CODE)
                0x00000000                        __tz_ID_CODE_N = __tz_ID_CODE_S

.id_code        0x00000000        0x0
                0x00000000                        __ID_Code_Start = .
 *(.id_code*)
                0x00000000                        __ID_Code_End = .
                0x0100a100                        __tz_OPTION_SETTING_S = ORIGIN (OPTION_SETTING_OFS)

.option_setting_ofs
                0x0100a100       0x14
                0x0100a100                        __OPTION_SETTING_OFS_Start = .
 *(.option_setting_ofs0)
 .option_setting_ofs0
                0x0100a100        0x4 ./ra/fsp/src/bsp/mcu/all/bsp_rom_registers.o
                0x0100a104                        . = PROJECT_SECURE_OR_FLAT?(__OPTION_SETTING_OFS_Start + 0x4):__OPTION_SETTING_OFS_Start
 *(.option_setting_ofs2)
                0x0100a110                        . = PROJECT_SECURE_OR_FLAT?(__OPTION_SETTING_OFS_Start + 0x10):__OPTION_SETTING_OFS_Start
 *fill*         0x0100a104        0xc ff
 *(.option_setting_dualsel)
 .option_setting_dualsel
                0x0100a110        0x4 ./ra/fsp/src/bsp/mcu/all/bsp_rom_registers.o
                0x0100a114                        __OPTION_SETTING_OFS_End = .

.option_setting_sas
                0x0100a134        0x4
                0x0100a134                        __OPTION_SETTING_SAS_Start = .
 *(.option_setting_sas)
 .option_setting_sas
                0x0100a134        0x4 ./ra/fsp/src/bsp/mcu/all/bsp_rom_registers.o
                0x0100a138                        __OPTION_SETTING_SAS_End = .
                0x0100a180                        __tz_OPTION_SETTING_N = ABSOLUTE (OPTION_SETTING_START_NS)

.option_setting_ns
                0x0100a100        0x0
                0x0100a100                        __OPTION_SETTING_NS_Start = .
 *(.option_setting_ofs1)
                0x0100a100                        . = USE_OPTION_SETTING_NS?(__OPTION_SETTING_NS_Start + 0x4):__OPTION_SETTING_NS_Start
 *(.option_setting_ofs3)
                0x0100a100                        . = USE_OPTION_SETTING_NS?(__OPTION_SETTING_NS_Start + 0x10):__OPTION_SETTING_NS_Start
 *(.option_setting_banksel)
                0x0100a100                        . = USE_OPTION_SETTING_NS?(__OPTION_SETTING_NS_Start + 0x40):__OPTION_SETTING_NS_Start
 *(.option_setting_bps0)
                0x0100a100                        . = USE_OPTION_SETTING_NS?(__OPTION_SETTING_NS_Start + 0x44):__OPTION_SETTING_NS_Start
 *(.option_setting_bps1)
                0x0100a100                        . = USE_OPTION_SETTING_NS?(__OPTION_SETTING_NS_Start + 0x48):__OPTION_SETTING_NS_Start
 *(.option_setting_bps2)
                0x0100a100                        . = USE_OPTION_SETTING_NS?(__OPTION_SETTING_NS_Start + 0x4c):__OPTION_SETTING_NS_Start
 *(.option_setting_bps3)
                0x0100a100                        . = USE_OPTION_SETTING_NS?(__OPTION_SETTING_NS_Start + 0x60):__OPTION_SETTING_NS_Start
 *(.option_setting_pbps0)
                0x0100a100                        . = USE_OPTION_SETTING_NS?(__OPTION_SETTING_NS_Start + 0x64):__OPTION_SETTING_NS_Start
 *(.option_setting_pbps1)
                0x0100a100                        . = USE_OPTION_SETTING_NS?(__OPTION_SETTING_NS_Start + 0x68):__OPTION_SETTING_NS_Start
 *(.option_setting_pbps2)
                0x0100a100                        . = USE_OPTION_SETTING_NS?(__OPTION_SETTING_NS_Start + 0x6c):__OPTION_SETTING_NS_Start
 *(.option_setting_pbps3)
                0x0100a100                        __OPTION_SETTING_NS_End = .
                0x0100a200                        __tz_OPTION_SETTING_S_S = ORIGIN (OPTION_SETTING_S)

.option_setting_s
                0x0100a200       0xd0
                0x0100a200                        __OPTION_SETTING_S_Start = .
 *(.option_setting_ofs1_sec)
 .option_setting_ofs1_sec
                0x0100a200        0x4 ./ra/fsp/src/bsp/mcu/all/bsp_rom_registers.o
                0x0100a204                        . = PROJECT_SECURE_OR_FLAT?(__OPTION_SETTING_S_Start + 0x4):__OPTION_SETTING_S_Start
 *(.option_setting_ofs3_sec)
                0x0100a210                        . = PROJECT_SECURE_OR_FLAT?(__OPTION_SETTING_S_Start + 0x10):__OPTION_SETTING_S_Start
 *fill*         0x0100a204        0xc ff
 *(.option_setting_banksel_sec)
 .option_setting_banksel_sec
                0x0100a210        0x4 ./ra/fsp/src/bsp/mcu/all/bsp_rom_registers.o
                0x0100a240                        . = PROJECT_SECURE_OR_FLAT?(__OPTION_SETTING_S_Start + 0x40):__OPTION_SETTING_S_Start
 *fill*         0x0100a214       0x2c ff
 *(.option_setting_bps_sec0)
 .option_setting_bps_sec0
                0x0100a240        0x4 ./ra/fsp/src/bsp/mcu/all/bsp_rom_registers.o
                0x0100a244                        . = PROJECT_SECURE_OR_FLAT?(__OPTION_SETTING_S_Start + 0x44):__OPTION_SETTING_S_Start
 *(.option_setting_bps_sec1)
 .option_setting_bps_sec1
                0x0100a244        0x4 ./ra/fsp/src/bsp/mcu/all/bsp_rom_registers.o
                0x0100a248                        . = PROJECT_SECURE_OR_FLAT?(__OPTION_SETTING_S_Start + 0x48):__OPTION_SETTING_S_Start
 *(.option_setting_bps_sec2)
 .option_setting_bps_sec2
                0x0100a248        0x4 ./ra/fsp/src/bsp/mcu/all/bsp_rom_registers.o
                0x0100a24c                        . = PROJECT_SECURE_OR_FLAT?(__OPTION_SETTING_S_Start + 0x4c):__OPTION_SETTING_S_Start
 *(.option_setting_bps_sec3)
 .option_setting_bps_sec3
                0x0100a24c        0x4 ./ra/fsp/src/bsp/mcu/all/bsp_rom_registers.o
                0x0100a260                        . = PROJECT_SECURE_OR_FLAT?(__OPTION_SETTING_S_Start + 0x60):__OPTION_SETTING_S_Start
 *fill*         0x0100a250       0x10 ff
 *(.option_setting_pbps_sec0)
 .option_setting_pbps_sec0
                0x0100a260        0x4 ./ra/fsp/src/bsp/mcu/all/bsp_rom_registers.o
                0x0100a264                        . = PROJECT_SECURE_OR_FLAT?(__OPTION_SETTING_S_Start + 0x64):__OPTION_SETTING_S_Start
 *(.option_setting_pbps_sec1)
 .option_setting_pbps_sec1
                0x0100a264        0x4 ./ra/fsp/src/bsp/mcu/all/bsp_rom_registers.o
                0x0100a268                        . = PROJECT_SECURE_OR_FLAT?(__OPTION_SETTING_S_Start + 0x68):__OPTION_SETTING_S_Start
 *(.option_setting_pbps_sec2)
 .option_setting_pbps_sec2
                0x0100a268        0x4 ./ra/fsp/src/bsp/mcu/all/bsp_rom_registers.o
                0x0100a26c                        . = PROJECT_SECURE_OR_FLAT?(__OPTION_SETTING_S_Start + 0x6c):__OPTION_SETTING_S_Start
 *(.option_setting_pbps_sec3)
 .option_setting_pbps_sec3
                0x0100a26c        0x4 ./ra/fsp/src/bsp/mcu/all/bsp_rom_registers.o
                0x0100a280                        . = PROJECT_SECURE_OR_FLAT?(__OPTION_SETTING_S_Start + 0x80):__OPTION_SETTING_S_Start
 *fill*         0x0100a270       0x10 ff
 *(.option_setting_ofs1_sel)
 .option_setting_ofs1_sel
                0x0100a280        0x4 ./ra/fsp/src/bsp/mcu/all/bsp_rom_registers.o
                0x0100a284                        . = PROJECT_SECURE_OR_FLAT?(__OPTION_SETTING_S_Start + 0x84):__OPTION_SETTING_S_Start
 *(.option_setting_ofs3_sel)
                0x0100a290                        . = PROJECT_SECURE_OR_FLAT?(__OPTION_SETTING_S_Start + 0x90):__OPTION_SETTING_S_Start
 *fill*         0x0100a284        0xc ff
 *(.option_setting_banksel_sel)
 .option_setting_banksel_sel
                0x0100a290        0x4 ./ra/fsp/src/bsp/mcu/all/bsp_rom_registers.o
                0x0100a2c0                        . = PROJECT_SECURE_OR_FLAT?(__OPTION_SETTING_S_Start + 0xc0):__OPTION_SETTING_S_Start
 *fill*         0x0100a294       0x2c ff
 *(.option_setting_bps_sel0)
 .option_setting_bps_sel0
                0x0100a2c0        0x4 ./ra/fsp/src/bsp/mcu/all/bsp_rom_registers.o
                0x0100a2c4                        . = PROJECT_SECURE_OR_FLAT?(__OPTION_SETTING_S_Start + 0xc4):__OPTION_SETTING_S_Start
 *(.option_setting_bps_sel1)
 .option_setting_bps_sel1
                0x0100a2c4        0x4 ./ra/fsp/src/bsp/mcu/all/bsp_rom_registers.o
                0x0100a2c8                        . = PROJECT_SECURE_OR_FLAT?(__OPTION_SETTING_S_Start + 0xc8):__OPTION_SETTING_S_Start
 *(.option_setting_bps_sel2)
 .option_setting_bps_sel2
                0x0100a2c8        0x4 ./ra/fsp/src/bsp/mcu/all/bsp_rom_registers.o
                0x0100a2cc                        . = PROJECT_SECURE_OR_FLAT?(__OPTION_SETTING_S_Start + 0xcc):__OPTION_SETTING_S_Start
 *(.option_setting_bps_sel3)
 .option_setting_bps_sel3
                0x0100a2cc        0x4 ./ra/fsp/src/bsp/mcu/all/bsp_rom_registers.o
                0x0100a2d0                        __OPTION_SETTING_S_End = .
                0x0100a2d0                        __tz_OPTION_SETTING_S_N = __OPTION_SETTING_S_End
OUTPUT(PPGMode_OB1203_Team4.elf elf32-littlearm)
LOAD linker stubs

.rel.dyn        0x0100a2d0        0x0
 .rel.iplt      0x0100a2d0        0x0 C:/Renesas/RA/e2studio_v2024-04_fsp_v5.4.0/toolchains/gcc_arm/13.2.rel1/bin/../lib/gcc/arm-none-eabi/13.2.1/thumb/v8-m.main+fp/hard/crtbegin.o

.ARM.attributes
                0x00000000       0x36
 .ARM.attributes
                0x00000000       0x26 C:/Renesas/RA/e2studio_v2024-04_fsp_v5.4.0/toolchains/gcc_arm/13.2.rel1/bin/../lib/gcc/arm-none-eabi/13.2.1/thumb/v8-m.main+fp/hard/crti.o
 .ARM.attributes
                0x00000026       0x38 C:/Renesas/RA/e2studio_v2024-04_fsp_v5.4.0/toolchains/gcc_arm/13.2.rel1/bin/../lib/gcc/arm-none-eabi/13.2.1/thumb/v8-m.main+fp/hard/crtbegin.o
 .ARM.attributes
                0x0000005e       0x3a ./src/hal_entry.o
 .ARM.attributes
                0x00000098       0x3a ./ra_gen/common_data.o
 .ARM.attributes
                0x000000d2       0x3a ./ra_gen/hal_data.o
 .ARM.attributes
                0x0000010c       0x3a ./ra_gen/main.o
 .ARM.attributes
                0x00000146       0x3a ./ra_gen/pin_data.o
 .ARM.attributes
                0x00000180       0x3a ./ra_gen/vector_data.o
 .ARM.attributes
                0x000001ba       0x3a ./ra/fsp/src/rm_ob1203/light_proximity_mode/rm_ob1203_light_proximity_mode.o
 .ARM.attributes
                0x000001f4       0x3a ./ra/fsp/src/rm_ob1203/rm_ob1203.o
 .ARM.attributes
                0x0000022e       0x3a ./ra/fsp/src/rm_ob1203/rm_ob1203_ra_driver.o
 .ARM.attributes
                0x00000268       0x3a ./ra/fsp/src/rm_comms_i2c/rm_comms_i2c.o
 .ARM.attributes
                0x000002a2       0x3a ./ra/fsp/src/rm_comms_i2c/rm_comms_i2c_driver_ra.o
 .ARM.attributes
                0x000002dc       0x3a ./ra/fsp/src/r_sci_uart/r_sci_uart.o
 .ARM.attributes
                0x00000316       0x3a ./ra/fsp/src/r_ioport/r_ioport.o
 .ARM.attributes
                0x00000350       0x3a ./ra/fsp/src/r_iic_master/r_iic_master.o
 .ARM.attributes
                0x0000038a       0x3a ./ra/fsp/src/bsp/mcu/all/bsp_clocks.o
 .ARM.attributes
                0x000003c4       0x3a ./ra/fsp/src/bsp/mcu/all/bsp_common.o
 .ARM.attributes
                0x000003fe       0x3a ./ra/fsp/src/bsp/mcu/all/bsp_delay.o
 .ARM.attributes
                0x00000438       0x3a ./ra/fsp/src/bsp/mcu/all/bsp_group_irq.o
 .ARM.attributes
                0x00000472       0x3a ./ra/fsp/src/bsp/mcu/all/bsp_io.o
 .ARM.attributes
                0x000004ac       0x3a ./ra/fsp/src/bsp/mcu/all/bsp_irq.o
 .ARM.attributes
                0x000004e6       0x3a ./ra/fsp/src/bsp/mcu/all/bsp_register_protection.o
 .ARM.attributes
                0x00000520       0x3a ./ra/fsp/src/bsp/mcu/all/bsp_rom_registers.o
 .ARM.attributes
                0x0000055a       0x3a ./ra/fsp/src/bsp/mcu/all/bsp_sbrk.o
 .ARM.attributes
                0x00000594       0x3a ./ra/fsp/src/bsp/cmsis/Device/RENESAS/Source/startup.o
 .ARM.attributes
                0x000005ce       0x3a ./ra/fsp/src/bsp/cmsis/Device/RENESAS/Source/system.o
 .ARM.attributes
                0x00000608       0x3a ./ra/board/ra6m5_ck/board_init.o
 .ARM.attributes
                0x00000642       0x38 C:/Renesas/RA/e2studio_v2024-04_fsp_v5.4.0/toolchains/gcc_arm/13.2.rel1/bin/../lib/gcc/arm-none-eabi/13.2.1/thumb/v8-m.main+fp/hard\libg_nano.a(libc_a-findfp.o)
 .ARM.attributes
                0x0000067a       0x38 C:/Renesas/RA/e2studio_v2024-04_fsp_v5.4.0/toolchains/gcc_arm/13.2.rel1/bin/../lib/gcc/arm-none-eabi/13.2.1/thumb/v8-m.main+fp/hard\libg_nano.a(libc_a-sprintf.o)
 .ARM.attributes
                0x000006b2       0x38 C:/Renesas/RA/e2studio_v2024-04_fsp_v5.4.0/toolchains/gcc_arm/13.2.rel1/bin/../lib/gcc/arm-none-eabi/13.2.1/thumb/v8-m.main+fp/hard\libg_nano.a(libc_a-memset.o)
 .ARM.attributes
                0x000006ea       0x38 C:/Renesas/RA/e2studio_v2024-04_fsp_v5.4.0/toolchains/gcc_arm/13.2.rel1/bin/../lib/gcc/arm-none-eabi/13.2.1/thumb/v8-m.main+fp/hard\libg_nano.a(libc_a-reent.o)
 .ARM.attributes
                0x00000722       0x38 C:/Renesas/RA/e2studio_v2024-04_fsp_v5.4.0/toolchains/gcc_arm/13.2.rel1/bin/../lib/gcc/arm-none-eabi/13.2.1/thumb/v8-m.main+fp/hard\libg_nano.a(libc_a-impure.o)
 .ARM.attributes
                0x0000075a       0x38 C:/Renesas/RA/e2studio_v2024-04_fsp_v5.4.0/toolchains/gcc_arm/13.2.rel1/bin/../lib/gcc/arm-none-eabi/13.2.1/thumb/v8-m.main+fp/hard\libg_nano.a(libc_a-errno.o)
 .ARM.attributes
                0x00000792       0x38 C:/Renesas/RA/e2studio_v2024-04_fsp_v5.4.0/toolchains/gcc_arm/13.2.rel1/bin/../lib/gcc/arm-none-eabi/13.2.1/thumb/v8-m.main+fp/hard\libg_nano.a(libc_a-lock.o)
 .ARM.attributes
                0x000007ca       0x38 C:/Renesas/RA/e2studio_v2024-04_fsp_v5.4.0/toolchains/gcc_arm/13.2.rel1/bin/../lib/gcc/arm-none-eabi/13.2.1/thumb/v8-m.main+fp/hard\libg_nano.a(libc_a-memcpy-stub.o)
 .ARM.attributes
                0x00000802       0x24 C:/Renesas/RA/e2studio_v2024-04_fsp_v5.4.0/toolchains/gcc_arm/13.2.rel1/bin/../lib/gcc/arm-none-eabi/13.2.1/thumb/v8-m.main+fp/hard\libg_nano.a(libc_a-strlen.o)
 .ARM.attributes
                0x00000826       0x38 C:/Renesas/RA/e2studio_v2024-04_fsp_v5.4.0/toolchains/gcc_arm/13.2.rel1/bin/../lib/gcc/arm-none-eabi/13.2.1/thumb/v8-m.main+fp/hard\libg_nano.a(libc_a-freer.o)
 .ARM.attributes
                0x0000085e       0x38 C:/Renesas/RA/e2studio_v2024-04_fsp_v5.4.0/toolchains/gcc_arm/13.2.rel1/bin/../lib/gcc/arm-none-eabi/13.2.1/thumb/v8-m.main+fp/hard\libg_nano.a(libc_a-mallocr.o)
 .ARM.attributes
                0x00000896       0x38 C:/Renesas/RA/e2studio_v2024-04_fsp_v5.4.0/toolchains/gcc_arm/13.2.rel1/bin/../lib/gcc/arm-none-eabi/13.2.1/thumb/v8-m.main+fp/hard\libg_nano.a(libc_a-mlock.o)
 .ARM.attributes
                0x000008ce       0x38 C:/Renesas/RA/e2studio_v2024-04_fsp_v5.4.0/toolchains/gcc_arm/13.2.rel1/bin/../lib/gcc/arm-none-eabi/13.2.1/thumb/v8-m.main+fp/hard\libg_nano.a(libc_a-nano-svfprintf.o)
 .ARM.attributes
                0x00000906       0x38 C:/Renesas/RA/e2studio_v2024-04_fsp_v5.4.0/toolchains/gcc_arm/13.2.rel1/bin/../lib/gcc/arm-none-eabi/13.2.1/thumb/v8-m.main+fp/hard\libg_nano.a(libc_a-nano-vfprintf_i.o)
 .ARM.attributes
                0x0000093e       0x38 C:/Renesas/RA/e2studio_v2024-04_fsp_v5.4.0/toolchains/gcc_arm/13.2.rel1/bin/../lib/gcc/arm-none-eabi/13.2.1/thumb/v8-m.main+fp/hard\libg_nano.a(libc_a-memmove.o)
 .ARM.attributes
                0x00000976       0x38 C:/Renesas/RA/e2studio_v2024-04_fsp_v5.4.0/toolchains/gcc_arm/13.2.rel1/bin/../lib/gcc/arm-none-eabi/13.2.1/thumb/v8-m.main+fp/hard\libg_nano.a(libc_a-sbrkr.o)
 .ARM.attributes
                0x000009ae       0x38 C:/Renesas/RA/e2studio_v2024-04_fsp_v5.4.0/toolchains/gcc_arm/13.2.rel1/bin/../lib/gcc/arm-none-eabi/13.2.1/thumb/v8-m.main+fp/hard\libg_nano.a(libc_a-memchr-stub.o)
 .ARM.attributes
                0x000009e6       0x38 C:/Renesas/RA/e2studio_v2024-04_fsp_v5.4.0/toolchains/gcc_arm/13.2.rel1/bin/../lib/gcc/arm-none-eabi/13.2.1/thumb/v8-m.main+fp/hard\libg_nano.a(libc_a-reallocr.o)
 .ARM.attributes
                0x00000a1e       0x38 C:/Renesas/RA/e2studio_v2024-04_fsp_v5.4.0/toolchains/gcc_arm/13.2.rel1/bin/../lib/gcc/arm-none-eabi/13.2.1/thumb/v8-m.main+fp/hard\libg_nano.a(libc_a-msizer.o)
 .ARM.attributes
                0x00000a56       0x38 C:/Renesas/RA/e2studio_v2024-04_fsp_v5.4.0/toolchains/gcc_arm/13.2.rel1/bin/../lib/gcc/arm-none-eabi/13.2.1/thumb/v8-m.main+fp/hard/crtend.o
 .ARM.attributes
                0x00000a8e       0x26 C:/Renesas/RA/e2studio_v2024-04_fsp_v5.4.0/toolchains/gcc_arm/13.2.rel1/bin/../lib/gcc/arm-none-eabi/13.2.1/thumb/v8-m.main+fp/hard/crtn.o

.comment        0x00000000       0x44
 .comment       0x00000000       0x44 ./src/hal_entry.o
                                 0x45 (size before relaxing)
 .comment       0x00000044       0x45 ./ra_gen/common_data.o
 .comment       0x00000044       0x45 ./ra_gen/hal_data.o
 .comment       0x00000044       0x45 ./ra_gen/main.o
 .comment       0x00000044       0x45 ./ra_gen/pin_data.o
 .comment       0x00000044       0x45 ./ra_gen/vector_data.o
 .comment       0x00000044       0x45 ./ra/fsp/src/rm_ob1203/light_proximity_mode/rm_ob1203_light_proximity_mode.o
 .comment       0x00000044       0x45 ./ra/fsp/src/rm_ob1203/rm_ob1203.o
 .comment       0x00000044       0x45 ./ra/fsp/src/rm_ob1203/rm_ob1203_ra_driver.o
 .comment       0x00000044       0x45 ./ra/fsp/src/rm_comms_i2c/rm_comms_i2c.o
 .comment       0x00000044       0x45 ./ra/fsp/src/rm_comms_i2c/rm_comms_i2c_driver_ra.o
 .comment       0x00000044       0x45 ./ra/fsp/src/r_sci_uart/r_sci_uart.o
 .comment       0x00000044       0x45 ./ra/fsp/src/r_ioport/r_ioport.o
 .comment       0x00000044       0x45 ./ra/fsp/src/r_iic_master/r_iic_master.o
 .comment       0x00000044       0x45 ./ra/fsp/src/bsp/mcu/all/bsp_clocks.o
 .comment       0x00000044       0x45 ./ra/fsp/src/bsp/mcu/all/bsp_common.o
 .comment       0x00000044       0x45 ./ra/fsp/src/bsp/mcu/all/bsp_delay.o
 .comment       0x00000044       0x45 ./ra/fsp/src/bsp/mcu/all/bsp_group_irq.o
 .comment       0x00000044       0x45 ./ra/fsp/src/bsp/mcu/all/bsp_io.o
 .comment       0x00000044       0x45 ./ra/fsp/src/bsp/mcu/all/bsp_irq.o
 .comment       0x00000044       0x45 ./ra/fsp/src/bsp/mcu/all/bsp_register_protection.o
 .comment       0x00000044       0x45 ./ra/fsp/src/bsp/mcu/all/bsp_rom_registers.o
 .comment       0x00000044       0x45 ./ra/fsp/src/bsp/mcu/all/bsp_sbrk.o
 .comment       0x00000044       0x45 ./ra/fsp/src/bsp/cmsis/Device/RENESAS/Source/startup.o
 .comment       0x00000044       0x45 ./ra/fsp/src/bsp/cmsis/Device/RENESAS/Source/system.o
 .comment       0x00000044       0x45 ./ra/board/ra6m5_ck/board_init.o

.debug_info     0x00000000    0x3c9b7
 .debug_info    0x00000000     0x47fd ./src/hal_entry.o
 .debug_info    0x000047fd     0x26e4 ./ra_gen/common_data.o
 .debug_info    0x00006ee1     0x4844 ./ra_gen/hal_data.o
 .debug_info    0x0000b725       0xb1 ./ra_gen/main.o
 .debug_info    0x0000b7d6      0xa21 ./ra_gen/pin_data.o
 .debug_info    0x0000c1f7      0x895 ./ra_gen/vector_data.o
 .debug_info    0x0000ca8c     0x246d ./ra/fsp/src/rm_ob1203/light_proximity_mode/rm_ob1203_light_proximity_mode.o
 .debug_info    0x0000eef9     0x2c44 ./ra/fsp/src/rm_ob1203/rm_ob1203.o
 .debug_info    0x00011b3d     0x1e9c ./ra/fsp/src/rm_ob1203/rm_ob1203_ra_driver.o
 .debug_info    0x000139d9      0xdc4 ./ra/fsp/src/rm_comms_i2c/rm_comms_i2c.o
 .debug_info    0x0001479d     0x17d1 ./ra/fsp/src/rm_comms_i2c/rm_comms_i2c_driver_ra.o
 .debug_info    0x00015f6e     0x9bf9 ./ra/fsp/src/r_sci_uart/r_sci_uart.o
 .debug_info    0x0001fb67     0x65a8 ./ra/fsp/src/r_ioport/r_ioport.o
 .debug_info    0x0002610f     0x856e ./ra/fsp/src/r_iic_master/r_iic_master.o
 .debug_info    0x0002e67d     0x566e ./ra/fsp/src/bsp/mcu/all/bsp_clocks.o
 .debug_info    0x00033ceb      0x93b ./ra/fsp/src/bsp/mcu/all/bsp_common.o
 .debug_info    0x00034626      0x1e2 ./ra/fsp/src/bsp/mcu/all/bsp_delay.o
 .debug_info    0x00034808     0x132f ./ra/fsp/src/bsp/mcu/all/bsp_group_irq.o
 .debug_info    0x00035b37       0xb2 ./ra/fsp/src/bsp/mcu/all/bsp_io.o
 .debug_info    0x00035be9     0x1f97 ./ra/fsp/src/bsp/mcu/all/bsp_irq.o
 .debug_info    0x00037b80     0x390c ./ra/fsp/src/bsp/mcu/all/bsp_register_protection.o
 .debug_info    0x0003b48c      0x1da ./ra/fsp/src/bsp/mcu/all/bsp_rom_registers.o
 .debug_info    0x0003b666      0x142 ./ra/fsp/src/bsp/mcu/all/bsp_sbrk.o
 .debug_info    0x0003b7a8      0x168 ./ra/fsp/src/bsp/cmsis/Device/RENESAS/Source/startup.o
 .debug_info    0x0003b910     0x1002 ./ra/fsp/src/bsp/cmsis/Device/RENESAS/Source/system.o
 .debug_info    0x0003c912       0xa5 ./ra/board/ra6m5_ck/board_init.o

.debug_abbrev   0x00000000     0x3f9b
 .debug_abbrev  0x00000000      0x4da ./src/hal_entry.o
 .debug_abbrev  0x000004da      0x2a1 ./ra_gen/common_data.o
 .debug_abbrev  0x0000077b      0x2b0 ./ra_gen/hal_data.o
 .debug_abbrev  0x00000a2b       0x61 ./ra_gen/main.o
 .debug_abbrev  0x00000a8c       0xff ./ra_gen/pin_data.o
 .debug_abbrev  0x00000b8b       0xbd ./ra_gen/vector_data.o
 .debug_abbrev  0x00000c48      0x3e4 ./ra/fsp/src/rm_ob1203/light_proximity_mode/rm_ob1203_light_proximity_mode.o
 .debug_abbrev  0x0000102c      0x410 ./ra/fsp/src/rm_ob1203/rm_ob1203.o
 .debug_abbrev  0x0000143c      0x263 ./ra/fsp/src/rm_ob1203/rm_ob1203_ra_driver.o
 .debug_abbrev  0x0000169f      0x1bb ./ra/fsp/src/rm_comms_i2c/rm_comms_i2c.o
 .debug_abbrev  0x0000185a      0x33e ./ra/fsp/src/rm_comms_i2c/rm_comms_i2c_driver_ra.o
 .debug_abbrev  0x00001b98      0x5e5 ./ra/fsp/src/r_sci_uart/r_sci_uart.o
 .debug_abbrev  0x0000217d      0x490 ./ra/fsp/src/r_ioport/r_ioport.o
 .debug_abbrev  0x0000260d      0x61b ./ra/fsp/src/r_iic_master/r_iic_master.o
 .debug_abbrev  0x00002c28      0x3cf ./ra/fsp/src/bsp/mcu/all/bsp_clocks.o
 .debug_abbrev  0x00002ff7      0x188 ./ra/fsp/src/bsp/mcu/all/bsp_common.o
 .debug_abbrev  0x0000317f      0x113 ./ra/fsp/src/bsp/mcu/all/bsp_delay.o
 .debug_abbrev  0x00003292      0x256 ./ra/fsp/src/bsp/mcu/all/bsp_group_irq.o
 .debug_abbrev  0x000034e8       0x5e ./ra/fsp/src/bsp/mcu/all/bsp_io.o
 .debug_abbrev  0x00003546      0x28a ./ra/fsp/src/bsp/mcu/all/bsp_irq.o
 .debug_abbrev  0x000037d0      0x27d ./ra/fsp/src/bsp/mcu/all/bsp_register_protection.o
 .debug_abbrev  0x00003a4d       0x4e ./ra/fsp/src/bsp/mcu/all/bsp_rom_registers.o
 .debug_abbrev  0x00003a9b       0xce ./ra/fsp/src/bsp/mcu/all/bsp_sbrk.o
 .debug_abbrev  0x00003b69       0xf5 ./ra/fsp/src/bsp/cmsis/Device/RENESAS/Source/startup.o
 .debug_abbrev  0x00003c5e      0x2e2 ./ra/fsp/src/bsp/cmsis/Device/RENESAS/Source/system.o
 .debug_abbrev  0x00003f40       0x5b ./ra/board/ra6m5_ck/board_init.o

.debug_loclists
                0x00000000     0x47a8
 .debug_loclists
                0x00000000      0x2d1 ./src/hal_entry.o
 .debug_loclists
                0x000002d1      0x864 ./ra/fsp/src/rm_ob1203/light_proximity_mode/rm_ob1203_light_proximity_mode.o
 .debug_loclists
                0x00000b35      0xb85 ./ra/fsp/src/rm_ob1203/rm_ob1203.o
 .debug_loclists
                0x000016ba      0x179 ./ra/fsp/src/rm_ob1203/rm_ob1203_ra_driver.o
 .debug_loclists
                0x00001833      0x1b8 ./ra/fsp/src/rm_comms_i2c/rm_comms_i2c.o
 .debug_loclists
                0x000019eb      0x517 ./ra/fsp/src/rm_comms_i2c/rm_comms_i2c_driver_ra.o
 .debug_loclists
                0x00001f02      0xe1c ./ra/fsp/src/r_sci_uart/r_sci_uart.o
 .debug_loclists
                0x00002d1e      0x7a3 ./ra/fsp/src/r_ioport/r_ioport.o
 .debug_loclists
                0x000034c1      0xc96 ./ra/fsp/src/r_iic_master/r_iic_master.o
 .debug_loclists
                0x00004157      0x208 ./ra/fsp/src/bsp/mcu/all/bsp_clocks.o
 .debug_loclists
                0x0000435f       0x20 ./ra/fsp/src/bsp/mcu/all/bsp_common.o
 .debug_loclists
                0x0000437f      0x11c ./ra/fsp/src/bsp/mcu/all/bsp_delay.o
 .debug_loclists
                0x0000449b       0x73 ./ra/fsp/src/bsp/mcu/all/bsp_group_irq.o
 .debug_loclists
                0x0000450e       0xad ./ra/fsp/src/bsp/mcu/all/bsp_irq.o
 .debug_loclists
                0x000045bb       0xa7 ./ra/fsp/src/bsp/mcu/all/bsp_register_protection.o
 .debug_loclists
                0x00004662       0xbd ./ra/fsp/src/bsp/mcu/all/bsp_sbrk.o
 .debug_loclists
                0x0000471f       0x89 ./ra/fsp/src/bsp/cmsis/Device/RENESAS/Source/system.o

.debug_aranges  0x00000000      0x6b8
 .debug_aranges
                0x00000000       0x60 ./src/hal_entry.o
 .debug_aranges
                0x00000060       0x20 ./ra_gen/common_data.o
 .debug_aranges
                0x00000080       0x20 ./ra_gen/hal_data.o
 .debug_aranges
                0x000000a0       0x20 ./ra_gen/main.o
 .debug_aranges
                0x000000c0       0x18 ./ra_gen/pin_data.o
 .debug_aranges
                0x000000d8       0x18 ./ra_gen/vector_data.o
 .debug_aranges
                0x000000f0       0x90 ./ra/fsp/src/rm_ob1203/light_proximity_mode/rm_ob1203_light_proximity_mode.o
 .debug_aranges
                0x00000180       0xd8 ./ra/fsp/src/rm_ob1203/rm_ob1203.o
 .debug_aranges
                0x00000258       0x38 ./ra/fsp/src/rm_ob1203/rm_ob1203_ra_driver.o
 .debug_aranges
                0x00000290       0x40 ./ra/fsp/src/rm_comms_i2c/rm_comms_i2c.o
 .debug_aranges
                0x000002d0       0x50 ./ra/fsp/src/rm_comms_i2c/rm_comms_i2c_driver_ra.o
 .debug_aranges
                0x00000320       0x90 ./ra/fsp/src/r_sci_uart/r_sci_uart.o
 .debug_aranges
                0x000003b0       0x90 ./ra/fsp/src/r_ioport/r_ioport.o
 .debug_aranges
                0x00000440       0x90 ./ra/fsp/src/r_iic_master/r_iic_master.o
 .debug_aranges
                0x000004d0       0x60 ./ra/fsp/src/bsp/mcu/all/bsp_clocks.o
 .debug_aranges
                0x00000530       0x30 ./ra/fsp/src/bsp/mcu/all/bsp_common.o
 .debug_aranges
                0x00000560       0x28 ./ra/fsp/src/bsp/mcu/all/bsp_delay.o
 .debug_aranges
                0x00000588       0x28 ./ra/fsp/src/bsp/mcu/all/bsp_group_irq.o
 .debug_aranges
                0x000005b0       0x18 ./ra/fsp/src/bsp/mcu/all/bsp_io.o
 .debug_aranges
                0x000005c8       0x20 ./ra/fsp/src/bsp/mcu/all/bsp_irq.o
 .debug_aranges
                0x000005e8       0x28 ./ra/fsp/src/bsp/mcu/all/bsp_register_protection.o
 .debug_aranges
                0x00000610       0x18 ./ra/fsp/src/bsp/mcu/all/bsp_rom_registers.o
 .debug_aranges
                0x00000628       0x20 ./ra/fsp/src/bsp/mcu/all/bsp_sbrk.o
 .debug_aranges
                0x00000648       0x28 ./ra/fsp/src/bsp/cmsis/Device/RENESAS/Source/startup.o
 .debug_aranges
                0x00000670       0x28 ./ra/fsp/src/bsp/cmsis/Device/RENESAS/Source/system.o
 .debug_aranges
                0x00000698       0x20 ./ra/board/ra6m5_ck/board_init.o

.debug_rnglists
                0x00000000      0xb36
 .debug_rnglists
                0x00000000       0x80 ./src/hal_entry.o
 .debug_rnglists
                0x00000080       0x13 ./ra_gen/common_data.o
 .debug_rnglists
                0x00000093       0x13 ./ra_gen/hal_data.o
 .debug_rnglists
                0x000000a6       0x13 ./ra_gen/main.o
 .debug_rnglists
                0x000000b9       0x87 ./ra/fsp/src/rm_ob1203/light_proximity_mode/rm_ob1203_light_proximity_mode.o
 .debug_rnglists
                0x00000140      0x101 ./ra/fsp/src/rm_ob1203/rm_ob1203.o
 .debug_rnglists
                0x00000241       0x25 ./ra/fsp/src/rm_ob1203/rm_ob1203_ra_driver.o
 .debug_rnglists
                0x00000266       0x2b ./ra/fsp/src/rm_comms_i2c/rm_comms_i2c.o
 .debug_rnglists
                0x00000291       0x4f ./ra/fsp/src/rm_comms_i2c/rm_comms_i2c_driver_ra.o
 .debug_rnglists
                0x000002e0      0x26c ./ra/fsp/src/r_sci_uart/r_sci_uart.o
 .debug_rnglists
                0x0000054c       0xbc ./ra/fsp/src/r_ioport/r_ioport.o
 .debug_rnglists
                0x00000608      0x30b ./ra/fsp/src/r_iic_master/r_iic_master.o
 .debug_rnglists
                0x00000913       0xc8 ./ra/fsp/src/bsp/mcu/all/bsp_clocks.o
 .debug_rnglists
                0x000009db       0x1f ./ra/fsp/src/bsp/mcu/all/bsp_common.o
 .debug_rnglists
                0x000009fa       0x2e ./ra/fsp/src/bsp/mcu/all/bsp_delay.o
 .debug_rnglists
                0x00000a28       0x37 ./ra/fsp/src/bsp/mcu/all/bsp_group_irq.o
 .debug_rnglists
                0x00000a5f       0x41 ./ra/fsp/src/bsp/mcu/all/bsp_irq.o
 .debug_rnglists
                0x00000aa0       0x31 ./ra/fsp/src/bsp/mcu/all/bsp_register_protection.o
 .debug_rnglists
                0x00000ad1       0x13 ./ra/fsp/src/bsp/mcu/all/bsp_sbrk.o
 .debug_rnglists
                0x00000ae4       0x19 ./ra/fsp/src/bsp/cmsis/Device/RENESAS/Source/startup.o
 .debug_rnglists
                0x00000afd       0x26 ./ra/fsp/src/bsp/cmsis/Device/RENESAS/Source/system.o
 .debug_rnglists
                0x00000b23       0x13 ./ra/board/ra6m5_ck/board_init.o

.debug_line     0x00000000     0x9dd4
 .debug_line    0x00000000      0xae3 ./src/hal_entry.o
 .debug_line    0x00000ae3      0x3ab ./ra_gen/common_data.o
 .debug_line    0x00000e8e      0x36c ./ra_gen/hal_data.o
 .debug_line    0x000011fa       0x5e ./ra_gen/main.o
 .debug_line    0x00001258      0x22d ./ra_gen/pin_data.o
 .debug_line    0x00001485      0x14d ./ra_gen/vector_data.o
 .debug_line    0x000015d2      0xa22 ./ra/fsp/src/rm_ob1203/light_proximity_mode/rm_ob1203_light_proximity_mode.o
 .debug_line    0x00001ff4      0xce5 ./ra/fsp/src/rm_ob1203/rm_ob1203.o
 .debug_line    0x00002cd9      0x3c6 ./ra/fsp/src/rm_ob1203/rm_ob1203_ra_driver.o
 .debug_line    0x0000309f      0x319 ./ra/fsp/src/rm_comms_i2c/rm_comms_i2c.o
 .debug_line    0x000033b8      0x5a4 ./ra/fsp/src/rm_comms_i2c/rm_comms_i2c_driver_ra.o
 .debug_line    0x0000395c     0x18ec ./ra/fsp/src/r_sci_uart/r_sci_uart.o
 .debug_line    0x00005248      0xae2 ./ra/fsp/src/r_ioport/r_ioport.o
 .debug_line    0x00005d2a     0x19cc ./ra/fsp/src/r_iic_master/r_iic_master.o
 .debug_line    0x000076f6      0x84f ./ra/fsp/src/bsp/mcu/all/bsp_clocks.o
 .debug_line    0x00007f45      0x2b3 ./ra/fsp/src/bsp/mcu/all/bsp_common.o
 .debug_line    0x000081f8      0x2bd ./ra/fsp/src/bsp/mcu/all/bsp_delay.o